Archive member included because of file (symbol)

/opt/LPCExpresso/tools/bin/../lib/gcc/arm-none-eabi/4.4.1/../../../../arm-none-eabi/lib/armv6-m/libcr_c.a(atan2.o)
                              ./build/main.o (atan2)
/opt/LPCExpresso/tools/bin/../lib/gcc/arm-none-eabi/4.4.1/../../../../arm-none-eabi/lib/armv6-m/libcr_c.a(errno.o)
                              /opt/LPCExpresso/tools/bin/../lib/gcc/arm-none-eabi/4.4.1/../../../../arm-none-eabi/lib/armv6-m/libcr_c.a(atan2.o) (errno)
/opt/LPCExpresso/tools/bin/../lib/gcc/arm-none-eabi/4.4.1/../../../../arm-none-eabi/lib/armv6-m/libcr_c.a(fabs.o)
                              /opt/LPCExpresso/tools/bin/../lib/gcc/arm-none-eabi/4.4.1/../../../../arm-none-eabi/lib/armv6-m/libcr_c.a(atan2.o) (fabs)
/opt/LPCExpresso/tools/bin/../lib/gcc/arm-none-eabi/4.4.1/../../../../arm-none-eabi/lib/armv6-m/libcr_c.a(fpprintf.o)
                              ./build/main.o (sprintf)
/opt/LPCExpresso/tools/bin/../lib/gcc/arm-none-eabi/4.4.1/../../../../arm-none-eabi/lib/armv6-m/libcr_c.a(pow.o)
                              ./build/main.o (pow)
/opt/LPCExpresso/tools/bin/../lib/gcc/arm-none-eabi/4.4.1/../../../../arm-none-eabi/lib/armv6-m/libcr_c.a(printf.o)
                              /opt/LPCExpresso/tools/bin/../lib/gcc/arm-none-eabi/4.4.1/../../../../arm-none-eabi/lib/armv6-m/libcr_c.a(fpprintf.o) (__vfprintf)
/opt/LPCExpresso/tools/bin/../lib/gcc/arm-none-eabi/4.4.1/../../../../arm-none-eabi/lib/armv6-m/libcr_c.a(stdio.o)
                              /opt/LPCExpresso/tools/bin/../lib/gcc/arm-none-eabi/4.4.1/../../../../arm-none-eabi/lib/armv6-m/libcr_c.a(fpprintf.o) (__Ciob)
/opt/LPCExpresso/tools/bin/../lib/gcc/arm-none-eabi/4.4.1/../../../../arm-none-eabi/lib/armv6-m/libcr_c.a(strcpy.o)
                              ./build/main.o (strcpy)
/opt/LPCExpresso/tools/bin/../lib/gcc/arm-none-eabi/4.4.1/../../../../arm-none-eabi/lib/armv6-m/libcr_c.a(strlen.o)
                              /opt/LPCExpresso/tools/bin/../lib/gcc/arm-none-eabi/4.4.1/../../../../arm-none-eabi/lib/armv6-m/libcr_c.a(printf.o) (strlen)
/opt/LPCExpresso/tools/bin/../lib/gcc/arm-none-eabi/4.4.1/../../../../arm-none-eabi/lib/armv6-m/libcr_c.a(memset.o)
                              /opt/LPCExpresso/tools/bin/../lib/gcc/arm-none-eabi/4.4.1/../../../../arm-none-eabi/lib/armv6-m/libcr_c.a(fpprintf.o) (memset)
/opt/LPCExpresso/tools/bin/../lib/gcc/arm-none-eabi/4.4.1/../../../../arm-none-eabi/lib/armv6-m/libcr_c.a(__fillbuf.o)
                              /opt/LPCExpresso/tools/bin/../lib/gcc/arm-none-eabi/4.4.1/../../../../arm-none-eabi/lib/armv6-m/libcr_c.a(stdio.o) (__filbuf)
/opt/LPCExpresso/tools/bin/../lib/gcc/arm-none-eabi/4.4.1/../../../../arm-none-eabi/lib/armv6-m/libcr_c.a(_deferredlazyseek.o)
                              /opt/LPCExpresso/tools/bin/../lib/gcc/arm-none-eabi/4.4.1/../../../../arm-none-eabi/lib/armv6-m/libcr_c.a(__fillbuf.o) (_deferredlazyseek)
/opt/LPCExpresso/tools/bin/../lib/gcc/arm-none-eabi/4.4.1/../../../../arm-none-eabi/lib/armv6-m/libcr_c.a(_fflush.o)
                              /opt/LPCExpresso/tools/bin/../lib/gcc/arm-none-eabi/4.4.1/../../../../arm-none-eabi/lib/armv6-m/libcr_c.a(__fillbuf.o) (_fflush)
/opt/LPCExpresso/tools/bin/../lib/gcc/arm-none-eabi/4.4.1/../../../../arm-none-eabi/lib/armv6-m/libcr_c.a(_frexpl.o)
                              /opt/LPCExpresso/tools/bin/../lib/gcc/arm-none-eabi/4.4.1/../../../../arm-none-eabi/lib/armv6-m/libcr_c.a(fpprintf.o) (_frexpl)
/opt/LPCExpresso/tools/bin/../lib/gcc/arm-none-eabi/4.4.1/../../../../arm-none-eabi/lib/armv6-m/libcr_c.a(_hugeval.o)
                              /opt/LPCExpresso/tools/bin/../lib/gcc/arm-none-eabi/4.4.1/../../../../arm-none-eabi/lib/armv6-m/libcr_c.a(atan2.o) (__huge_val)
/opt/LPCExpresso/tools/bin/../lib/gcc/arm-none-eabi/4.4.1/../../../../arm-none-eabi/lib/armv6-m/libcr_c.a(_ldexpl.o)
                              /opt/LPCExpresso/tools/bin/../lib/gcc/arm-none-eabi/4.4.1/../../../../arm-none-eabi/lib/armv6-m/libcr_c.a(fpprintf.o) (_ldexpl)
/opt/LPCExpresso/tools/bin/../lib/gcc/arm-none-eabi/4.4.1/../../../../arm-none-eabi/lib/armv6-m/libcr_c.a(_writebuf.o)
                              /opt/LPCExpresso/tools/bin/../lib/gcc/arm-none-eabi/4.4.1/../../../../arm-none-eabi/lib/armv6-m/libcr_c.a(_deferredlazyseek.o) (_Cwritebuf)
/opt/LPCExpresso/tools/bin/../lib/gcc/arm-none-eabi/4.4.1/../../../../arm-none-eabi/lib/armv6-m/libcr_c.a(alloc.o)
                              /opt/LPCExpresso/tools/bin/../lib/gcc/arm-none-eabi/4.4.1/../../../../arm-none-eabi/lib/armv6-m/libcr_c.a(fpprintf.o) (free)
/opt/LPCExpresso/tools/bin/../lib/gcc/arm-none-eabi/4.4.1/../../../../arm-none-eabi/lib/armv6-m/libcr_c.a(atan.o)
                              /opt/LPCExpresso/tools/bin/../lib/gcc/arm-none-eabi/4.4.1/../../../../arm-none-eabi/lib/armv6-m/libcr_c.a(atan2.o) (atan)
/opt/LPCExpresso/tools/bin/../lib/gcc/arm-none-eabi/4.4.1/../../../../arm-none-eabi/lib/armv6-m/libcr_c.a(ctype.o)
                              /opt/LPCExpresso/tools/bin/../lib/gcc/arm-none-eabi/4.4.1/../../../../arm-none-eabi/lib/armv6-m/libcr_c.a(printf.o) (__ctype)
/opt/LPCExpresso/tools/bin/../lib/gcc/arm-none-eabi/4.4.1/../../../../arm-none-eabi/lib/armv6-m/libcr_c.a(frexp.o)
                              /opt/LPCExpresso/tools/bin/../lib/gcc/arm-none-eabi/4.4.1/../../../../arm-none-eabi/lib/armv6-m/libcr_c.a(pow.o) (frexp)
/opt/LPCExpresso/tools/bin/../lib/gcc/arm-none-eabi/4.4.1/../../../../arm-none-eabi/lib/armv6-m/libcr_c.a(fseek.o)
                              /opt/LPCExpresso/tools/bin/../lib/gcc/arm-none-eabi/4.4.1/../../../../arm-none-eabi/lib/armv6-m/libcr_c.a(_deferredlazyseek.o) (fseek)
/opt/LPCExpresso/tools/bin/../lib/gcc/arm-none-eabi/4.4.1/../../../../arm-none-eabi/lib/armv6-m/libcr_c.a(ftell.o)
                              /opt/LPCExpresso/tools/bin/../lib/gcc/arm-none-eabi/4.4.1/../../../../arm-none-eabi/lib/armv6-m/libcr_c.a(fseek.o) (ftell)
/opt/LPCExpresso/tools/bin/../lib/gcc/arm-none-eabi/4.4.1/../../../../arm-none-eabi/lib/armv6-m/libcr_c.a(ldexp.o)
                              /opt/LPCExpresso/tools/bin/../lib/gcc/arm-none-eabi/4.4.1/../../../../arm-none-eabi/lib/armv6-m/libcr_c.a(pow.o) (ldexp)
/opt/LPCExpresso/tools/bin/../lib/gcc/arm-none-eabi/4.4.1/../../../../arm-none-eabi/lib/armv6-m/libcr_c.a(memcpy.o)
                              /opt/LPCExpresso/tools/bin/../lib/gcc/arm-none-eabi/4.4.1/../../../../arm-none-eabi/lib/armv6-m/libcr_c.a(alloc.o) (memcpy)
/opt/LPCExpresso/tools/bin/../lib/gcc/arm-none-eabi/4.4.1/../../../../arm-none-eabi/lib/armv6-m/libcr_c.a(__init_alloc.o)
                              /opt/LPCExpresso/tools/bin/../lib/gcc/arm-none-eabi/4.4.1/../../../../arm-none-eabi/lib/armv6-m/libcr_c.a(alloc.o) (__heaps)
/opt/LPCExpresso/tools/bin/../lib/gcc/arm-none-eabi/4.4.1/../../../../arm-none-eabi/lib/armv6-m/libcr_semihost.a(__sys_appexit.o)
                              /opt/LPCExpresso/tools/bin/../lib/gcc/arm-none-eabi/4.4.1/../../../../arm-none-eabi/lib/armv6-m/libcr_c.a(alloc.o) (__sys_appexit)
/opt/LPCExpresso/tools/bin/../lib/gcc/arm-none-eabi/4.4.1/../../../../arm-none-eabi/lib/armv6-m/libcr_semihost.a(__sys_flen.o)
                              /opt/LPCExpresso/tools/bin/../lib/gcc/arm-none-eabi/4.4.1/../../../../arm-none-eabi/lib/armv6-m/libcr_c.a(_writebuf.o) (__sys_flen)
/opt/LPCExpresso/tools/bin/../lib/gcc/arm-none-eabi/4.4.1/../../../../arm-none-eabi/lib/armv6-m/libcr_semihost.a(__sys_istty.o)
                              /opt/LPCExpresso/tools/bin/../lib/gcc/arm-none-eabi/4.4.1/../../../../arm-none-eabi/lib/armv6-m/libcr_c.a(_deferredlazyseek.o) (__sys_istty)
/opt/LPCExpresso/tools/bin/../lib/gcc/arm-none-eabi/4.4.1/../../../../arm-none-eabi/lib/armv6-m/libcr_semihost.a(__sys_read.o)
                              /opt/LPCExpresso/tools/bin/../lib/gcc/arm-none-eabi/4.4.1/../../../../arm-none-eabi/lib/armv6-m/libcr_c.a(__fillbuf.o) (__sys_read)
/opt/LPCExpresso/tools/bin/../lib/gcc/arm-none-eabi/4.4.1/../../../../arm-none-eabi/lib/armv6-m/libcr_semihost.a(__sys_readc.o)
                              /opt/LPCExpresso/tools/bin/../lib/gcc/arm-none-eabi/4.4.1/../../../../arm-none-eabi/lib/armv6-m/libcr_c.a(__fillbuf.o) (__sys_readc)
/opt/LPCExpresso/tools/bin/../lib/gcc/arm-none-eabi/4.4.1/../../../../arm-none-eabi/lib/armv6-m/libcr_semihost.a(__sys_seek.o)
                              /opt/LPCExpresso/tools/bin/../lib/gcc/arm-none-eabi/4.4.1/../../../../arm-none-eabi/lib/armv6-m/libcr_c.a(__fillbuf.o) (__sys_seek)
/opt/LPCExpresso/tools/bin/../lib/gcc/arm-none-eabi/4.4.1/../../../../arm-none-eabi/lib/armv6-m/libcr_semihost.a(__sys_write.o)
                              /opt/LPCExpresso/tools/bin/../lib/gcc/arm-none-eabi/4.4.1/../../../../arm-none-eabi/lib/armv6-m/libcr_c.a(fpprintf.o) (__sys_write)
/opt/LPCExpresso/tools/bin/../lib/gcc/arm-none-eabi/4.4.1/../../../../arm-none-eabi/lib/armv6-m/libcr_semihost.a(_cr_sbrk.o)
                              /opt/LPCExpresso/tools/bin/../lib/gcc/arm-none-eabi/4.4.1/../../../../arm-none-eabi/lib/armv6-m/libcr_c.a(alloc.o) (_sbrk)
/opt/LPCExpresso/tools/bin/../lib/gcc/arm-none-eabi/4.4.1/../../../../arm-none-eabi/lib/armv6-m/libcr_semihost.a(_cr_check_heap.o)
                              /opt/LPCExpresso/tools/bin/../lib/gcc/arm-none-eabi/4.4.1/../../../../arm-none-eabi/lib/armv6-m/libcr_semihost.a(_cr_sbrk.o) (__check_heap_overflow)
/opt/LPCExpresso/tools/bin/../lib/gcc/arm-none-eabi/4.4.1/armv6-m/libcr_eabihelpers.a(division.o)
                              ./build/maths.o (__aeabi_idiv)
/opt/LPCExpresso/tools/bin/../lib/gcc/arm-none-eabi/4.4.1/armv6-m/libcr_eabihelpers.a(double.o)
                              ./build/main.o (__aeabi_dmul)
/opt/LPCExpresso/tools/bin/../lib/gcc/arm-none-eabi/4.4.1/armv6-m/libcr_eabihelpers.a(float.o)
                              ./build/main.o (__aeabi_fmul)
/opt/LPCExpresso/tools/bin/../lib/gcc/arm-none-eabi/4.4.1/armv6-m/libcr_eabihelpers.a(llong.o)
                              ./build/utils.o (__aeabi_lmul)
/opt/LPCExpresso/tools/bin/../lib/gcc/arm-none-eabi/4.4.1/armv6-m/libcr_eabihelpers.a(memcpy.o)
                              /opt/LPCExpresso/tools/bin/../lib/gcc/arm-none-eabi/4.4.1/../../../../arm-none-eabi/lib/armv6-m/libcr_c.a(memcpy.o) (__aeabi_memcpy)

Allocating common symbols
Common symbol       size              file

I2CReadLength       0x4               ./build/i2c.o
I2CSlaveBuffer      0x40              ./build/i2c.o
heartbeat_timer     0x4               ./build/engine.o
CANRxDone           0x80              ./build/can.o
cyc                 0x4               ./build/main.o
UARTBuffer          0x40              ./build/uart.o
acct                0x1               ./build/main.o
accy                0x2               ./build/main.o
UARTBUFF            0x80              ./build/can.o
I2CMode             0x4               ./build/i2c.o
I2CMasterBuffer     0x40              ./build/i2c.o
UARTStatus          0x4               ./build/uart.o
iap_entry           0x4               ./build/main.o
can_buff            0x300             ./build/can.o
timesync_offset     0x8               ./build/engine.o
I2CWriteLength      0x4               ./build/i2c.o
my_config           0x1c              ./build/engine.o
accz                0x2               ./build/main.o
in_channels         0x0               ./build/engine.o
cycp                0x2               ./build/main.o
__heaps             0x4               /opt/LPCExpresso/tools/bin/../lib/gcc/arm-none-eabi/4.4.1/../../../../arm-none-eabi/lib/armv6-m/libcr_c.a(__init_alloc.o)
__end_of_heap       0x4               /opt/LPCExpresso/tools/bin/../lib/gcc/arm-none-eabi/4.4.1/../../../../arm-none-eabi/lib/armv6-m/libcr_c.a(__init_alloc.o)
__Ciob              0x140             /opt/LPCExpresso/tools/bin/../lib/gcc/arm-none-eabi/4.4.1/../../../../arm-none-eabi/lib/armv6-m/libcr_c.a(stdio.o)
accx                0x2               ./build/main.o

Discarded input sections

 COMMON         0x00000000       0x12 ./build/main.o
 .data          0x00000000        0x0 ./build/scandal_obligations.o
 .bss           0x00000000        0x0 ./build/scandal_obligations.o
 .text          0x00000000       0x40 ./build/core_cm0.o
 .data          0x00000000        0x0 ./build/core_cm0.o
 .bss           0x00000000        0x0 ./build/core_cm0.o
 .bss           0x00000000        0x0 ./build/system_LPC11xx.o
 .text          0x00000000       0x54 ./build/leds.o
 .data          0x00000000        0x0 ./build/leds.o
 .bss           0x00000000        0x0 ./build/leds.o
 .data          0x00000000        0x0 ./build/gpio.o
 .bss           0x00000000        0x0 ./build/gpio.o
 .data          0x00000000        0x0 ./build/timer32.o
 .data          0x00000000        0x0 ./build/can.o
 .data          0x00000000        0x0 ./build/i2c.o
 .data          0x00000000        0x0 ./build/flash.o
 .bss           0x00000000        0x0 ./build/flash.o
 .data          0x00000000        0x0 ./build/engine.o
 .bss           0x00000000        0x0 ./build/engine.o
 .data          0x00000000        0x0 ./build/error.o
 .text          0x00000000       0x30 ./build/manager.o
 .data          0x00000000        0x0 ./build/manager.o
 .bss           0x00000000        0x0 ./build/manager.o
 .text          0x00000000       0x82 ./build/maths.o
 .data          0x00000000        0x0 ./build/maths.o
 .bss           0x00000000        0x0 ./build/maths.o
 .data          0x00000000        0x0 ./build/message.o
 .bss           0x00000000        0x0 ./build/message.o
 .text          0x00000000      0x220 ./build/utils.o
 .data          0x00000000        0x0 ./build/utils.o
 .bss           0x00000000        0x0 ./build/utils.o
 .data          0x00000000        0x0 ./build/cr_startup_lpc11.o
 .bss           0x00000000        0x0 ./build/cr_startup_lpc11.o
 .text          0x00000000        0x0 /opt/LPCExpresso/tools/bin/../lib/gcc/arm-none-eabi/4.4.1/../../../../arm-none-eabi/lib/armv6-m/libcr_c.a(atan2.o)
 .data          0x00000000        0x0 /opt/LPCExpresso/tools/bin/../lib/gcc/arm-none-eabi/4.4.1/../../../../arm-none-eabi/lib/armv6-m/libcr_c.a(atan2.o)
 .bss           0x00000000        0x0 /opt/LPCExpresso/tools/bin/../lib/gcc/arm-none-eabi/4.4.1/../../../../arm-none-eabi/lib/armv6-m/libcr_c.a(atan2.o)
 .text          0x00000000        0x0 /opt/LPCExpresso/tools/bin/../lib/gcc/arm-none-eabi/4.4.1/../../../../arm-none-eabi/lib/armv6-m/libcr_c.a(errno.o)
 .data          0x00000000        0x0 /opt/LPCExpresso/tools/bin/../lib/gcc/arm-none-eabi/4.4.1/../../../../arm-none-eabi/lib/armv6-m/libcr_c.a(errno.o)
 .bss           0x00000000        0x0 /opt/LPCExpresso/tools/bin/../lib/gcc/arm-none-eabi/4.4.1/../../../../arm-none-eabi/lib/armv6-m/libcr_c.a(errno.o)
 .text          0x00000000        0x0 /opt/LPCExpresso/tools/bin/../lib/gcc/arm-none-eabi/4.4.1/../../../../arm-none-eabi/lib/armv6-m/libcr_c.a(fabs.o)
 .data          0x00000000        0x0 /opt/LPCExpresso/tools/bin/../lib/gcc/arm-none-eabi/4.4.1/../../../../arm-none-eabi/lib/armv6-m/libcr_c.a(fabs.o)
 .bss           0x00000000        0x0 /opt/LPCExpresso/tools/bin/../lib/gcc/arm-none-eabi/4.4.1/../../../../arm-none-eabi/lib/armv6-m/libcr_c.a(fabs.o)
 .text          0x00000000        0x0 /opt/LPCExpresso/tools/bin/../lib/gcc/arm-none-eabi/4.4.1/../../../../arm-none-eabi/lib/armv6-m/libcr_c.a(fpprintf.o)
 .data          0x00000000        0x0 /opt/LPCExpresso/tools/bin/../lib/gcc/arm-none-eabi/4.4.1/../../../../arm-none-eabi/lib/armv6-m/libcr_c.a(fpprintf.o)
 .bss           0x00000000        0x0 /opt/LPCExpresso/tools/bin/../lib/gcc/arm-none-eabi/4.4.1/../../../../arm-none-eabi/lib/armv6-m/libcr_c.a(fpprintf.o)
 .text.vprintf  0x00000000       0x30 /opt/LPCExpresso/tools/bin/../lib/gcc/arm-none-eabi/4.4.1/../../../../arm-none-eabi/lib/armv6-m/libcr_c.a(fpprintf.o)
 .text.vfprintf
                0x00000000       0x28 /opt/LPCExpresso/tools/bin/../lib/gcc/arm-none-eabi/4.4.1/../../../../arm-none-eabi/lib/armv6-m/libcr_c.a(fpprintf.o)
 .text.vsprintf
                0x00000000       0x68 /opt/LPCExpresso/tools/bin/../lib/gcc/arm-none-eabi/4.4.1/../../../../arm-none-eabi/lib/armv6-m/libcr_c.a(fpprintf.o)
 .text.snprintf
                0x00000000       0x6c /opt/LPCExpresso/tools/bin/../lib/gcc/arm-none-eabi/4.4.1/../../../../arm-none-eabi/lib/armv6-m/libcr_c.a(fpprintf.o)
 .text.printf_char
                0x00000000       0x38 /opt/LPCExpresso/tools/bin/../lib/gcc/arm-none-eabi/4.4.1/../../../../arm-none-eabi/lib/armv6-m/libcr_c.a(fpprintf.o)
 .text.fprintf  0x00000000       0x38 /opt/LPCExpresso/tools/bin/../lib/gcc/arm-none-eabi/4.4.1/../../../../arm-none-eabi/lib/armv6-m/libcr_c.a(fpprintf.o)
 .text          0x00000000        0x0 /opt/LPCExpresso/tools/bin/../lib/gcc/arm-none-eabi/4.4.1/../../../../arm-none-eabi/lib/armv6-m/libcr_c.a(pow.o)
 .data          0x00000000        0x0 /opt/LPCExpresso/tools/bin/../lib/gcc/arm-none-eabi/4.4.1/../../../../arm-none-eabi/lib/armv6-m/libcr_c.a(pow.o)
 .bss           0x00000000        0x0 /opt/LPCExpresso/tools/bin/../lib/gcc/arm-none-eabi/4.4.1/../../../../arm-none-eabi/lib/armv6-m/libcr_c.a(pow.o)
 .text          0x00000000        0x0 /opt/LPCExpresso/tools/bin/../lib/gcc/arm-none-eabi/4.4.1/../../../../arm-none-eabi/lib/armv6-m/libcr_c.a(printf.o)
 .data          0x00000000        0x0 /opt/LPCExpresso/tools/bin/../lib/gcc/arm-none-eabi/4.4.1/../../../../arm-none-eabi/lib/armv6-m/libcr_c.a(printf.o)
 .bss           0x00000000        0x0 /opt/LPCExpresso/tools/bin/../lib/gcc/arm-none-eabi/4.4.1/../../../../arm-none-eabi/lib/armv6-m/libcr_c.a(printf.o)
 .text.no_fp_display
                0x00000000        0x4 /opt/LPCExpresso/tools/bin/../lib/gcc/arm-none-eabi/4.4.1/../../../../arm-none-eabi/lib/armv6-m/libcr_c.a(printf.o)
 .text._vsnprintf
                0x00000000       0x60 /opt/LPCExpresso/tools/bin/../lib/gcc/arm-none-eabi/4.4.1/../../../../arm-none-eabi/lib/armv6-m/libcr_c.a(printf.o)
 .text._printf  0x00000000       0x50 /opt/LPCExpresso/tools/bin/../lib/gcc/arm-none-eabi/4.4.1/../../../../arm-none-eabi/lib/armv6-m/libcr_c.a(printf.o)
 .text._vsprintf
                0x00000000       0x68 /opt/LPCExpresso/tools/bin/../lib/gcc/arm-none-eabi/4.4.1/../../../../arm-none-eabi/lib/armv6-m/libcr_c.a(printf.o)
 .text._vfprintf
                0x00000000       0x28 /opt/LPCExpresso/tools/bin/../lib/gcc/arm-none-eabi/4.4.1/../../../../arm-none-eabi/lib/armv6-m/libcr_c.a(printf.o)
 .text._snprintf
                0x00000000       0x6c /opt/LPCExpresso/tools/bin/../lib/gcc/arm-none-eabi/4.4.1/../../../../arm-none-eabi/lib/armv6-m/libcr_c.a(printf.o)
 .text._sprintf
                0x00000000       0x70 /opt/LPCExpresso/tools/bin/../lib/gcc/arm-none-eabi/4.4.1/../../../../arm-none-eabi/lib/armv6-m/libcr_c.a(printf.o)
 .text._printf_char
                0x00000000       0x38 /opt/LPCExpresso/tools/bin/../lib/gcc/arm-none-eabi/4.4.1/../../../../arm-none-eabi/lib/armv6-m/libcr_c.a(printf.o)
 .text._fprintf
                0x00000000       0x38 /opt/LPCExpresso/tools/bin/../lib/gcc/arm-none-eabi/4.4.1/../../../../arm-none-eabi/lib/armv6-m/libcr_c.a(printf.o)
 .text          0x00000000        0x0 /opt/LPCExpresso/tools/bin/../lib/gcc/arm-none-eabi/4.4.1/../../../../arm-none-eabi/lib/armv6-m/libcr_c.a(stdio.o)
 .data          0x00000000        0x0 /opt/LPCExpresso/tools/bin/../lib/gcc/arm-none-eabi/4.4.1/../../../../arm-none-eabi/lib/armv6-m/libcr_c.a(stdio.o)
 .bss           0x00000000        0x0 /opt/LPCExpresso/tools/bin/../lib/gcc/arm-none-eabi/4.4.1/../../../../arm-none-eabi/lib/armv6-m/libcr_c.a(stdio.o)
 .text.feof     0x00000000        0x8 /opt/LPCExpresso/tools/bin/../lib/gcc/arm-none-eabi/4.4.1/../../../../arm-none-eabi/lib/armv6-m/libcr_c.a(stdio.o)
 .text.ferror   0x00000000        0x8 /opt/LPCExpresso/tools/bin/../lib/gcc/arm-none-eabi/4.4.1/../../../../arm-none-eabi/lib/armv6-m/libcr_c.a(stdio.o)
 .text.clearerr
                0x00000000       0x10 /opt/LPCExpresso/tools/bin/../lib/gcc/arm-none-eabi/4.4.1/../../../../arm-none-eabi/lib/armv6-m/libcr_c.a(stdio.o)
 .text.putchar  0x00000000       0x28 /opt/LPCExpresso/tools/bin/../lib/gcc/arm-none-eabi/4.4.1/../../../../arm-none-eabi/lib/armv6-m/libcr_c.a(stdio.o)
 .text.putc     0x00000000       0x1e /opt/LPCExpresso/tools/bin/../lib/gcc/arm-none-eabi/4.4.1/../../../../arm-none-eabi/lib/armv6-m/libcr_c.a(stdio.o)
 .text.fputc    0x00000000       0x1e /opt/LPCExpresso/tools/bin/../lib/gcc/arm-none-eabi/4.4.1/../../../../arm-none-eabi/lib/armv6-m/libcr_c.a(stdio.o)
 .text.getchar  0x00000000       0x24 /opt/LPCExpresso/tools/bin/../lib/gcc/arm-none-eabi/4.4.1/../../../../arm-none-eabi/lib/armv6-m/libcr_c.a(stdio.o)
 .text.getc     0x00000000       0x1e /opt/LPCExpresso/tools/bin/../lib/gcc/arm-none-eabi/4.4.1/../../../../arm-none-eabi/lib/armv6-m/libcr_c.a(stdio.o)
 .text.fgetc    0x00000000       0x1e /opt/LPCExpresso/tools/bin/../lib/gcc/arm-none-eabi/4.4.1/../../../../arm-none-eabi/lib/armv6-m/libcr_c.a(stdio.o)
 COMMON         0x00000000      0x140 /opt/LPCExpresso/tools/bin/../lib/gcc/arm-none-eabi/4.4.1/../../../../arm-none-eabi/lib/armv6-m/libcr_c.a(stdio.o)
 .text          0x00000000        0x0 /opt/LPCExpresso/tools/bin/../lib/gcc/arm-none-eabi/4.4.1/../../../../arm-none-eabi/lib/armv6-m/libcr_c.a(strcpy.o)
 .data          0x00000000        0x0 /opt/LPCExpresso/tools/bin/../lib/gcc/arm-none-eabi/4.4.1/../../../../arm-none-eabi/lib/armv6-m/libcr_c.a(strcpy.o)
 .bss           0x00000000        0x0 /opt/LPCExpresso/tools/bin/../lib/gcc/arm-none-eabi/4.4.1/../../../../arm-none-eabi/lib/armv6-m/libcr_c.a(strcpy.o)
 .text          0x00000000        0x0 /opt/LPCExpresso/tools/bin/../lib/gcc/arm-none-eabi/4.4.1/../../../../arm-none-eabi/lib/armv6-m/libcr_c.a(strlen.o)
 .data          0x00000000        0x0 /opt/LPCExpresso/tools/bin/../lib/gcc/arm-none-eabi/4.4.1/../../../../arm-none-eabi/lib/armv6-m/libcr_c.a(strlen.o)
 .bss           0x00000000        0x0 /opt/LPCExpresso/tools/bin/../lib/gcc/arm-none-eabi/4.4.1/../../../../arm-none-eabi/lib/armv6-m/libcr_c.a(strlen.o)
 .text          0x00000000        0x0 /opt/LPCExpresso/tools/bin/../lib/gcc/arm-none-eabi/4.4.1/../../../../arm-none-eabi/lib/armv6-m/libcr_c.a(memset.o)
 .data          0x00000000        0x0 /opt/LPCExpresso/tools/bin/../lib/gcc/arm-none-eabi/4.4.1/../../../../arm-none-eabi/lib/armv6-m/libcr_c.a(memset.o)
 .bss           0x00000000        0x0 /opt/LPCExpresso/tools/bin/../lib/gcc/arm-none-eabi/4.4.1/../../../../arm-none-eabi/lib/armv6-m/libcr_c.a(memset.o)
 .text          0x00000000        0x0 /opt/LPCExpresso/tools/bin/../lib/gcc/arm-none-eabi/4.4.1/../../../../arm-none-eabi/lib/armv6-m/libcr_c.a(__fillbuf.o)
 .data          0x00000000        0x0 /opt/LPCExpresso/tools/bin/../lib/gcc/arm-none-eabi/4.4.1/../../../../arm-none-eabi/lib/armv6-m/libcr_c.a(__fillbuf.o)
 .bss           0x00000000        0x0 /opt/LPCExpresso/tools/bin/../lib/gcc/arm-none-eabi/4.4.1/../../../../arm-none-eabi/lib/armv6-m/libcr_c.a(__fillbuf.o)
 .text._Csys_read_
                0x00000000       0x1e /opt/LPCExpresso/tools/bin/../lib/gcc/arm-none-eabi/4.4.1/../../../../arm-none-eabi/lib/armv6-m/libcr_c.a(__fillbuf.o)
 .text.__filbuf
                0x00000000      0x194 /opt/LPCExpresso/tools/bin/../lib/gcc/arm-none-eabi/4.4.1/../../../../arm-none-eabi/lib/armv6-m/libcr_c.a(__fillbuf.o)
 .text._fillb2  0x00000000       0x1c /opt/LPCExpresso/tools/bin/../lib/gcc/arm-none-eabi/4.4.1/../../../../arm-none-eabi/lib/armv6-m/libcr_c.a(__fillbuf.o)
 .text          0x00000000        0x0 /opt/LPCExpresso/tools/bin/../lib/gcc/arm-none-eabi/4.4.1/../../../../arm-none-eabi/lib/armv6-m/libcr_c.a(_deferredlazyseek.o)
 .data          0x00000000        0x0 /opt/LPCExpresso/tools/bin/../lib/gcc/arm-none-eabi/4.4.1/../../../../arm-none-eabi/lib/armv6-m/libcr_c.a(_deferredlazyseek.o)
 .bss           0x00000000        0x0 /opt/LPCExpresso/tools/bin/../lib/gcc/arm-none-eabi/4.4.1/../../../../arm-none-eabi/lib/armv6-m/libcr_c.a(_deferredlazyseek.o)
 .text          0x00000000        0x0 /opt/LPCExpresso/tools/bin/../lib/gcc/arm-none-eabi/4.4.1/../../../../arm-none-eabi/lib/armv6-m/libcr_c.a(_fflush.o)
 .data          0x00000000        0x0 /opt/LPCExpresso/tools/bin/../lib/gcc/arm-none-eabi/4.4.1/../../../../arm-none-eabi/lib/armv6-m/libcr_c.a(_fflush.o)
 .bss           0x00000000        0x0 /opt/LPCExpresso/tools/bin/../lib/gcc/arm-none-eabi/4.4.1/../../../../arm-none-eabi/lib/armv6-m/libcr_c.a(_fflush.o)
 .text          0x00000000        0x0 /opt/LPCExpresso/tools/bin/../lib/gcc/arm-none-eabi/4.4.1/../../../../arm-none-eabi/lib/armv6-m/libcr_c.a(_frexpl.o)
 .data          0x00000000        0x0 /opt/LPCExpresso/tools/bin/../lib/gcc/arm-none-eabi/4.4.1/../../../../arm-none-eabi/lib/armv6-m/libcr_c.a(_frexpl.o)
 .bss           0x00000000        0x0 /opt/LPCExpresso/tools/bin/../lib/gcc/arm-none-eabi/4.4.1/../../../../arm-none-eabi/lib/armv6-m/libcr_c.a(_frexpl.o)
 .text          0x00000000        0x0 /opt/LPCExpresso/tools/bin/../lib/gcc/arm-none-eabi/4.4.1/../../../../arm-none-eabi/lib/armv6-m/libcr_c.a(_hugeval.o)
 .data          0x00000000        0x0 /opt/LPCExpresso/tools/bin/../lib/gcc/arm-none-eabi/4.4.1/../../../../arm-none-eabi/lib/armv6-m/libcr_c.a(_hugeval.o)
 .bss           0x00000000        0x0 /opt/LPCExpresso/tools/bin/../lib/gcc/arm-none-eabi/4.4.1/../../../../arm-none-eabi/lib/armv6-m/libcr_c.a(_hugeval.o)
 .text          0x00000000        0x0 /opt/LPCExpresso/tools/bin/../lib/gcc/arm-none-eabi/4.4.1/../../../../arm-none-eabi/lib/armv6-m/libcr_c.a(_ldexpl.o)
 .data          0x00000000        0x0 /opt/LPCExpresso/tools/bin/../lib/gcc/arm-none-eabi/4.4.1/../../../../arm-none-eabi/lib/armv6-m/libcr_c.a(_ldexpl.o)
 .bss           0x00000000        0x0 /opt/LPCExpresso/tools/bin/../lib/gcc/arm-none-eabi/4.4.1/../../../../arm-none-eabi/lib/armv6-m/libcr_c.a(_ldexpl.o)
 .text          0x00000000        0x0 /opt/LPCExpresso/tools/bin/../lib/gcc/arm-none-eabi/4.4.1/../../../../arm-none-eabi/lib/armv6-m/libcr_c.a(_writebuf.o)
 .data          0x00000000        0x0 /opt/LPCExpresso/tools/bin/../lib/gcc/arm-none-eabi/4.4.1/../../../../arm-none-eabi/lib/armv6-m/libcr_c.a(_writebuf.o)
 .bss           0x00000000        0x0 /opt/LPCExpresso/tools/bin/../lib/gcc/arm-none-eabi/4.4.1/../../../../arm-none-eabi/lib/armv6-m/libcr_c.a(_writebuf.o)
 .text          0x00000000        0x0 /opt/LPCExpresso/tools/bin/../lib/gcc/arm-none-eabi/4.4.1/../../../../arm-none-eabi/lib/armv6-m/libcr_c.a(alloc.o)
 .data          0x00000000        0x0 /opt/LPCExpresso/tools/bin/../lib/gcc/arm-none-eabi/4.4.1/../../../../arm-none-eabi/lib/armv6-m/libcr_c.a(alloc.o)
 .bss           0x00000000        0x0 /opt/LPCExpresso/tools/bin/../lib/gcc/arm-none-eabi/4.4.1/../../../../arm-none-eabi/lib/armv6-m/libcr_c.a(alloc.o)
 .text.realloc  0x00000000       0x1e /opt/LPCExpresso/tools/bin/../lib/gcc/arm-none-eabi/4.4.1/../../../../arm-none-eabi/lib/armv6-m/libcr_c.a(alloc.o)
 .text.calloc   0x00000000       0x5c /opt/LPCExpresso/tools/bin/../lib/gcc/arm-none-eabi/4.4.1/../../../../arm-none-eabi/lib/armv6-m/libcr_c.a(alloc.o)
 .text          0x00000000        0x0 /opt/LPCExpresso/tools/bin/../lib/gcc/arm-none-eabi/4.4.1/../../../../arm-none-eabi/lib/armv6-m/libcr_c.a(atan.o)
 .data          0x00000000        0x0 /opt/LPCExpresso/tools/bin/../lib/gcc/arm-none-eabi/4.4.1/../../../../arm-none-eabi/lib/armv6-m/libcr_c.a(atan.o)
 .bss           0x00000000        0x0 /opt/LPCExpresso/tools/bin/../lib/gcc/arm-none-eabi/4.4.1/../../../../arm-none-eabi/lib/armv6-m/libcr_c.a(atan.o)
 .text          0x00000000        0x0 /opt/LPCExpresso/tools/bin/../lib/gcc/arm-none-eabi/4.4.1/../../../../arm-none-eabi/lib/armv6-m/libcr_c.a(ctype.o)
 .data          0x00000000        0x0 /opt/LPCExpresso/tools/bin/../lib/gcc/arm-none-eabi/4.4.1/../../../../arm-none-eabi/lib/armv6-m/libcr_c.a(ctype.o)
 .bss           0x00000000        0x0 /opt/LPCExpresso/tools/bin/../lib/gcc/arm-none-eabi/4.4.1/../../../../arm-none-eabi/lib/armv6-m/libcr_c.a(ctype.o)
 .text.isalnum  0x00000000       0x14 /opt/LPCExpresso/tools/bin/../lib/gcc/arm-none-eabi/4.4.1/../../../../arm-none-eabi/lib/armv6-m/libcr_c.a(ctype.o)
 .text.isalpha  0x00000000       0x14 /opt/LPCExpresso/tools/bin/../lib/gcc/arm-none-eabi/4.4.1/../../../../arm-none-eabi/lib/armv6-m/libcr_c.a(ctype.o)
 .text.iscntrl  0x00000000       0x14 /opt/LPCExpresso/tools/bin/../lib/gcc/arm-none-eabi/4.4.1/../../../../arm-none-eabi/lib/armv6-m/libcr_c.a(ctype.o)
 .text.isdigit  0x00000000       0x14 /opt/LPCExpresso/tools/bin/../lib/gcc/arm-none-eabi/4.4.1/../../../../arm-none-eabi/lib/armv6-m/libcr_c.a(ctype.o)
 .text.isgraph  0x00000000       0x14 /opt/LPCExpresso/tools/bin/../lib/gcc/arm-none-eabi/4.4.1/../../../../arm-none-eabi/lib/armv6-m/libcr_c.a(ctype.o)
 .text.islower  0x00000000       0x14 /opt/LPCExpresso/tools/bin/../lib/gcc/arm-none-eabi/4.4.1/../../../../arm-none-eabi/lib/armv6-m/libcr_c.a(ctype.o)
 .text.isprint  0x00000000       0x14 /opt/LPCExpresso/tools/bin/../lib/gcc/arm-none-eabi/4.4.1/../../../../arm-none-eabi/lib/armv6-m/libcr_c.a(ctype.o)
 .text.ispunct  0x00000000       0x14 /opt/LPCExpresso/tools/bin/../lib/gcc/arm-none-eabi/4.4.1/../../../../arm-none-eabi/lib/armv6-m/libcr_c.a(ctype.o)
 .text.isspace  0x00000000       0x14 /opt/LPCExpresso/tools/bin/../lib/gcc/arm-none-eabi/4.4.1/../../../../arm-none-eabi/lib/armv6-m/libcr_c.a(ctype.o)
 .text.isupper  0x00000000       0x14 /opt/LPCExpresso/tools/bin/../lib/gcc/arm-none-eabi/4.4.1/../../../../arm-none-eabi/lib/armv6-m/libcr_c.a(ctype.o)
 .text.isxdigit
                0x00000000       0x14 /opt/LPCExpresso/tools/bin/../lib/gcc/arm-none-eabi/4.4.1/../../../../arm-none-eabi/lib/armv6-m/libcr_c.a(ctype.o)
 .text.tolower  0x00000000       0x18 /opt/LPCExpresso/tools/bin/../lib/gcc/arm-none-eabi/4.4.1/../../../../arm-none-eabi/lib/armv6-m/libcr_c.a(ctype.o)
 .text.toupper  0x00000000       0x18 /opt/LPCExpresso/tools/bin/../lib/gcc/arm-none-eabi/4.4.1/../../../../arm-none-eabi/lib/armv6-m/libcr_c.a(ctype.o)
 .text          0x00000000        0x0 /opt/LPCExpresso/tools/bin/../lib/gcc/arm-none-eabi/4.4.1/../../../../arm-none-eabi/lib/armv6-m/libcr_c.a(frexp.o)
 .data          0x00000000        0x0 /opt/LPCExpresso/tools/bin/../lib/gcc/arm-none-eabi/4.4.1/../../../../arm-none-eabi/lib/armv6-m/libcr_c.a(frexp.o)
 .bss           0x00000000        0x0 /opt/LPCExpresso/tools/bin/../lib/gcc/arm-none-eabi/4.4.1/../../../../arm-none-eabi/lib/armv6-m/libcr_c.a(frexp.o)
 .text          0x00000000        0x0 /opt/LPCExpresso/tools/bin/../lib/gcc/arm-none-eabi/4.4.1/../../../../arm-none-eabi/lib/armv6-m/libcr_c.a(fseek.o)
 .data          0x00000000        0x0 /opt/LPCExpresso/tools/bin/../lib/gcc/arm-none-eabi/4.4.1/../../../../arm-none-eabi/lib/armv6-m/libcr_c.a(fseek.o)
 .bss           0x00000000        0x0 /opt/LPCExpresso/tools/bin/../lib/gcc/arm-none-eabi/4.4.1/../../../../arm-none-eabi/lib/armv6-m/libcr_c.a(fseek.o)
 .text          0x00000000        0x0 /opt/LPCExpresso/tools/bin/../lib/gcc/arm-none-eabi/4.4.1/../../../../arm-none-eabi/lib/armv6-m/libcr_c.a(ftell.o)
 .data          0x00000000        0x0 /opt/LPCExpresso/tools/bin/../lib/gcc/arm-none-eabi/4.4.1/../../../../arm-none-eabi/lib/armv6-m/libcr_c.a(ftell.o)
 .bss           0x00000000        0x0 /opt/LPCExpresso/tools/bin/../lib/gcc/arm-none-eabi/4.4.1/../../../../arm-none-eabi/lib/armv6-m/libcr_c.a(ftell.o)
 .text          0x00000000        0x0 /opt/LPCExpresso/tools/bin/../lib/gcc/arm-none-eabi/4.4.1/../../../../arm-none-eabi/lib/armv6-m/libcr_c.a(ldexp.o)
 .data          0x00000000        0x0 /opt/LPCExpresso/tools/bin/../lib/gcc/arm-none-eabi/4.4.1/../../../../arm-none-eabi/lib/armv6-m/libcr_c.a(ldexp.o)
 .bss           0x00000000        0x0 /opt/LPCExpresso/tools/bin/../lib/gcc/arm-none-eabi/4.4.1/../../../../arm-none-eabi/lib/armv6-m/libcr_c.a(ldexp.o)
 .text          0x00000000        0x0 /opt/LPCExpresso/tools/bin/../lib/gcc/arm-none-eabi/4.4.1/../../../../arm-none-eabi/lib/armv6-m/libcr_c.a(memcpy.o)
 .data          0x00000000        0x0 /opt/LPCExpresso/tools/bin/../lib/gcc/arm-none-eabi/4.4.1/../../../../arm-none-eabi/lib/armv6-m/libcr_c.a(memcpy.o)
 .bss           0x00000000        0x0 /opt/LPCExpresso/tools/bin/../lib/gcc/arm-none-eabi/4.4.1/../../../../arm-none-eabi/lib/armv6-m/libcr_c.a(memcpy.o)
 .text.memcpy   0x00000000        0x8 /opt/LPCExpresso/tools/bin/../lib/gcc/arm-none-eabi/4.4.1/../../../../arm-none-eabi/lib/armv6-m/libcr_c.a(memcpy.o)
 .text          0x00000000        0x0 /opt/LPCExpresso/tools/bin/../lib/gcc/arm-none-eabi/4.4.1/../../../../arm-none-eabi/lib/armv6-m/libcr_c.a(__init_alloc.o)
 .data          0x00000000        0x0 /opt/LPCExpresso/tools/bin/../lib/gcc/arm-none-eabi/4.4.1/../../../../arm-none-eabi/lib/armv6-m/libcr_c.a(__init_alloc.o)
 .bss           0x00000000        0x0 /opt/LPCExpresso/tools/bin/../lib/gcc/arm-none-eabi/4.4.1/../../../../arm-none-eabi/lib/armv6-m/libcr_c.a(__init_alloc.o)
 .text._init_alloc
                0x00000000       0x14 /opt/LPCExpresso/tools/bin/../lib/gcc/arm-none-eabi/4.4.1/../../../../arm-none-eabi/lib/armv6-m/libcr_c.a(__init_alloc.o)
 .text          0x00000000        0x0 /opt/LPCExpresso/tools/bin/../lib/gcc/arm-none-eabi/4.4.1/../../../../arm-none-eabi/lib/armv6-m/libcr_semihost.a(__sys_appexit.o)
 .data          0x00000000        0x0 /opt/LPCExpresso/tools/bin/../lib/gcc/arm-none-eabi/4.4.1/../../../../arm-none-eabi/lib/armv6-m/libcr_semihost.a(__sys_appexit.o)
 .bss           0x00000000        0x0 /opt/LPCExpresso/tools/bin/../lib/gcc/arm-none-eabi/4.4.1/../../../../arm-none-eabi/lib/armv6-m/libcr_semihost.a(__sys_appexit.o)
 .text          0x00000000        0x0 /opt/LPCExpresso/tools/bin/../lib/gcc/arm-none-eabi/4.4.1/../../../../arm-none-eabi/lib/armv6-m/libcr_semihost.a(__sys_flen.o)
 .data          0x00000000        0x0 /opt/LPCExpresso/tools/bin/../lib/gcc/arm-none-eabi/4.4.1/../../../../arm-none-eabi/lib/armv6-m/libcr_semihost.a(__sys_flen.o)
 .bss           0x00000000        0x0 /opt/LPCExpresso/tools/bin/../lib/gcc/arm-none-eabi/4.4.1/../../../../arm-none-eabi/lib/armv6-m/libcr_semihost.a(__sys_flen.o)
 .text          0x00000000        0x0 /opt/LPCExpresso/tools/bin/../lib/gcc/arm-none-eabi/4.4.1/../../../../arm-none-eabi/lib/armv6-m/libcr_semihost.a(__sys_istty.o)
 .data          0x00000000        0x0 /opt/LPCExpresso/tools/bin/../lib/gcc/arm-none-eabi/4.4.1/../../../../arm-none-eabi/lib/armv6-m/libcr_semihost.a(__sys_istty.o)
 .bss           0x00000000        0x0 /opt/LPCExpresso/tools/bin/../lib/gcc/arm-none-eabi/4.4.1/../../../../arm-none-eabi/lib/armv6-m/libcr_semihost.a(__sys_istty.o)
 .text          0x00000000        0x0 /opt/LPCExpresso/tools/bin/../lib/gcc/arm-none-eabi/4.4.1/../../../../arm-none-eabi/lib/armv6-m/libcr_semihost.a(__sys_read.o)
 .data          0x00000000        0x0 /opt/LPCExpresso/tools/bin/../lib/gcc/arm-none-eabi/4.4.1/../../../../arm-none-eabi/lib/armv6-m/libcr_semihost.a(__sys_read.o)
 .bss           0x00000000        0x0 /opt/LPCExpresso/tools/bin/../lib/gcc/arm-none-eabi/4.4.1/../../../../arm-none-eabi/lib/armv6-m/libcr_semihost.a(__sys_read.o)
 .text.__sys_read
                0x00000000        0xc /opt/LPCExpresso/tools/bin/../lib/gcc/arm-none-eabi/4.4.1/../../../../arm-none-eabi/lib/armv6-m/libcr_semihost.a(__sys_read.o)
 .text          0x00000000        0x0 /opt/LPCExpresso/tools/bin/../lib/gcc/arm-none-eabi/4.4.1/../../../../arm-none-eabi/lib/armv6-m/libcr_semihost.a(__sys_readc.o)
 .data          0x00000000        0x0 /opt/LPCExpresso/tools/bin/../lib/gcc/arm-none-eabi/4.4.1/../../../../arm-none-eabi/lib/armv6-m/libcr_semihost.a(__sys_readc.o)
 .bss           0x00000000        0x0 /opt/LPCExpresso/tools/bin/../lib/gcc/arm-none-eabi/4.4.1/../../../../arm-none-eabi/lib/armv6-m/libcr_semihost.a(__sys_readc.o)
 .text.__sys_readc
                0x00000000        0x8 /opt/LPCExpresso/tools/bin/../lib/gcc/arm-none-eabi/4.4.1/../../../../arm-none-eabi/lib/armv6-m/libcr_semihost.a(__sys_readc.o)
 .text          0x00000000        0x0 /opt/LPCExpresso/tools/bin/../lib/gcc/arm-none-eabi/4.4.1/../../../../arm-none-eabi/lib/armv6-m/libcr_semihost.a(__sys_seek.o)
 .data          0x00000000        0x0 /opt/LPCExpresso/tools/bin/../lib/gcc/arm-none-eabi/4.4.1/../../../../arm-none-eabi/lib/armv6-m/libcr_semihost.a(__sys_seek.o)
 .bss           0x00000000        0x0 /opt/LPCExpresso/tools/bin/../lib/gcc/arm-none-eabi/4.4.1/../../../../arm-none-eabi/lib/armv6-m/libcr_semihost.a(__sys_seek.o)
 .text          0x00000000        0x0 /opt/LPCExpresso/tools/bin/../lib/gcc/arm-none-eabi/4.4.1/../../../../arm-none-eabi/lib/armv6-m/libcr_semihost.a(__sys_write.o)
 .data          0x00000000        0x0 /opt/LPCExpresso/tools/bin/../lib/gcc/arm-none-eabi/4.4.1/../../../../arm-none-eabi/lib/armv6-m/libcr_semihost.a(__sys_write.o)
 .bss           0x00000000        0x0 /opt/LPCExpresso/tools/bin/../lib/gcc/arm-none-eabi/4.4.1/../../../../arm-none-eabi/lib/armv6-m/libcr_semihost.a(__sys_write.o)
 .text          0x00000000        0x0 /opt/LPCExpresso/tools/bin/../lib/gcc/arm-none-eabi/4.4.1/../../../../arm-none-eabi/lib/armv6-m/libcr_semihost.a(_cr_sbrk.o)
 .data          0x00000000        0x0 /opt/LPCExpresso/tools/bin/../lib/gcc/arm-none-eabi/4.4.1/../../../../arm-none-eabi/lib/armv6-m/libcr_semihost.a(_cr_sbrk.o)
 .bss           0x00000000        0x0 /opt/LPCExpresso/tools/bin/../lib/gcc/arm-none-eabi/4.4.1/../../../../arm-none-eabi/lib/armv6-m/libcr_semihost.a(_cr_sbrk.o)
 .text          0x00000000        0x0 /opt/LPCExpresso/tools/bin/../lib/gcc/arm-none-eabi/4.4.1/../../../../arm-none-eabi/lib/armv6-m/libcr_semihost.a(_cr_check_heap.o)
 .data          0x00000000        0x0 /opt/LPCExpresso/tools/bin/../lib/gcc/arm-none-eabi/4.4.1/../../../../arm-none-eabi/lib/armv6-m/libcr_semihost.a(_cr_check_heap.o)
 .bss           0x00000000        0x0 /opt/LPCExpresso/tools/bin/../lib/gcc/arm-none-eabi/4.4.1/../../../../arm-none-eabi/lib/armv6-m/libcr_semihost.a(_cr_check_heap.o)
 .text          0x00000000        0x0 /opt/LPCExpresso/tools/bin/../lib/gcc/arm-none-eabi/4.4.1/armv6-m/libcr_eabihelpers.a(division.o)
 .data          0x00000000        0x0 /opt/LPCExpresso/tools/bin/../lib/gcc/arm-none-eabi/4.4.1/armv6-m/libcr_eabihelpers.a(division.o)
 .bss           0x00000000        0x0 /opt/LPCExpresso/tools/bin/../lib/gcc/arm-none-eabi/4.4.1/armv6-m/libcr_eabihelpers.a(division.o)
 .text.__aeabi_division_uldivmod
                0x00000000       0x5a /opt/LPCExpresso/tools/bin/../lib/gcc/arm-none-eabi/4.4.1/armv6-m/libcr_eabihelpers.a(division.o)
 .text.__aeabi_division_ldivmod
                0x00000000       0x32 /opt/LPCExpresso/tools/bin/../lib/gcc/arm-none-eabi/4.4.1/armv6-m/libcr_eabihelpers.a(division.o)
 .text.__aeabi_division_ldiv0
                0x00000000        0x2 /opt/LPCExpresso/tools/bin/../lib/gcc/arm-none-eabi/4.4.1/armv6-m/libcr_eabihelpers.a(division.o)
 .text.__aeabi_division_idivq31+15
                0x00000000      0x188 /opt/LPCExpresso/tools/bin/../lib/gcc/arm-none-eabi/4.4.1/armv6-m/libcr_eabihelpers.a(division.o)
 .text          0x00000000        0x0 /opt/LPCExpresso/tools/bin/../lib/gcc/arm-none-eabi/4.4.1/armv6-m/libcr_eabihelpers.a(double.o)
 .data          0x00000000        0x0 /opt/LPCExpresso/tools/bin/../lib/gcc/arm-none-eabi/4.4.1/armv6-m/libcr_eabihelpers.a(double.o)
 .bss           0x00000000        0x0 /opt/LPCExpresso/tools/bin/../lib/gcc/arm-none-eabi/4.4.1/armv6-m/libcr_eabihelpers.a(double.o)
 .text.__aeabi_drsub
                0x00000000       0x28 /opt/LPCExpresso/tools/bin/../lib/gcc/arm-none-eabi/4.4.1/armv6-m/libcr_eabihelpers.a(double.o)
 .text.__aeabi_dneg
                0x00000000       0x10 /opt/LPCExpresso/tools/bin/../lib/gcc/arm-none-eabi/4.4.1/armv6-m/libcr_eabihelpers.a(double.o)
 .text.__aeabi_d2lz
                0x00000000       0x74 /opt/LPCExpresso/tools/bin/../lib/gcc/arm-none-eabi/4.4.1/armv6-m/libcr_eabihelpers.a(double.o)
 .text.__aeabi_d2ulz
                0x00000000       0x5c /opt/LPCExpresso/tools/bin/../lib/gcc/arm-none-eabi/4.4.1/armv6-m/libcr_eabihelpers.a(double.o)
 .text.__bhs_ul2d
                0x00000000       0xc8 /opt/LPCExpresso/tools/bin/../lib/gcc/arm-none-eabi/4.4.1/armv6-m/libcr_eabihelpers.a(double.o)
 .text.__aeabi_l2d
                0x00000000       0x20 /opt/LPCExpresso/tools/bin/../lib/gcc/arm-none-eabi/4.4.1/armv6-m/libcr_eabihelpers.a(double.o)
 .text.__aeabi_ul2d
                0x00000000        0xc /opt/LPCExpresso/tools/bin/../lib/gcc/arm-none-eabi/4.4.1/armv6-m/libcr_eabihelpers.a(double.o)
 .text.__aeabi_dcmpun
                0x00000000       0x20 /opt/LPCExpresso/tools/bin/../lib/gcc/arm-none-eabi/4.4.1/armv6-m/libcr_eabihelpers.a(double.o)
 .text.__aeabi_cdcmple
                0x00000000       0x32 /opt/LPCExpresso/tools/bin/../lib/gcc/arm-none-eabi/4.4.1/armv6-m/libcr_eabihelpers.a(double.o)
 .text.__aeabi_cdrcmple
                0x00000000       0x14 /opt/LPCExpresso/tools/bin/../lib/gcc/arm-none-eabi/4.4.1/armv6-m/libcr_eabihelpers.a(double.o)
 .text          0x00000000        0x0 /opt/LPCExpresso/tools/bin/../lib/gcc/arm-none-eabi/4.4.1/armv6-m/libcr_eabihelpers.a(float.o)
 .data          0x00000000        0x0 /opt/LPCExpresso/tools/bin/../lib/gcc/arm-none-eabi/4.4.1/armv6-m/libcr_eabihelpers.a(float.o)
 .bss           0x00000000        0x0 /opt/LPCExpresso/tools/bin/../lib/gcc/arm-none-eabi/4.4.1/armv6-m/libcr_eabihelpers.a(float.o)
 .text.__aeabi_frsub
                0x00000000       0x10 /opt/LPCExpresso/tools/bin/../lib/gcc/arm-none-eabi/4.4.1/armv6-m/libcr_eabihelpers.a(float.o)
 .text.__aeabi_fneg
                0x00000000        0x8 /opt/LPCExpresso/tools/bin/../lib/gcc/arm-none-eabi/4.4.1/armv6-m/libcr_eabihelpers.a(float.o)
 .text.__aeabi_f2uiz
                0x00000000       0x28 /opt/LPCExpresso/tools/bin/../lib/gcc/arm-none-eabi/4.4.1/armv6-m/libcr_eabihelpers.a(float.o)
 .text.__aeabi_f2lz
                0x00000000       0x68 /opt/LPCExpresso/tools/bin/../lib/gcc/arm-none-eabi/4.4.1/armv6-m/libcr_eabihelpers.a(float.o)
 .text.__aeabi_f2ulz
                0x00000000       0x40 /opt/LPCExpresso/tools/bin/../lib/gcc/arm-none-eabi/4.4.1/armv6-m/libcr_eabihelpers.a(float.o)
 .text.__bhs_ul2f
                0x00000000       0x98 /opt/LPCExpresso/tools/bin/../lib/gcc/arm-none-eabi/4.4.1/armv6-m/libcr_eabihelpers.a(float.o)
 .text.__aeabi_ui2f
                0x00000000        0xc /opt/LPCExpresso/tools/bin/../lib/gcc/arm-none-eabi/4.4.1/armv6-m/libcr_eabihelpers.a(float.o)
 .text.__aeabi_l2f
                0x00000000       0x20 /opt/LPCExpresso/tools/bin/../lib/gcc/arm-none-eabi/4.4.1/armv6-m/libcr_eabihelpers.a(float.o)
 .text.__aeabi_ul2f
                0x00000000        0xc /opt/LPCExpresso/tools/bin/../lib/gcc/arm-none-eabi/4.4.1/armv6-m/libcr_eabihelpers.a(float.o)
 .text.__aeabi_fcmpeq
                0x00000000       0x22 /opt/LPCExpresso/tools/bin/../lib/gcc/arm-none-eabi/4.4.1/armv6-m/libcr_eabihelpers.a(float.o)
 .text.__aeabi_fcmplt
                0x00000000       0x46 /opt/LPCExpresso/tools/bin/../lib/gcc/arm-none-eabi/4.4.1/armv6-m/libcr_eabihelpers.a(float.o)
 .text.__aeabi_fcmpgt
                0x00000000       0x42 /opt/LPCExpresso/tools/bin/../lib/gcc/arm-none-eabi/4.4.1/armv6-m/libcr_eabihelpers.a(float.o)
 .text.__aeabi_fcmple
                0x00000000       0x4c /opt/LPCExpresso/tools/bin/../lib/gcc/arm-none-eabi/4.4.1/armv6-m/libcr_eabihelpers.a(float.o)
 .text.__aeabi_fcmpge
                0x00000000       0x48 /opt/LPCExpresso/tools/bin/../lib/gcc/arm-none-eabi/4.4.1/armv6-m/libcr_eabihelpers.a(float.o)
 .text.__aeabi_fcmpun
                0x00000000       0x1a /opt/LPCExpresso/tools/bin/../lib/gcc/arm-none-eabi/4.4.1/armv6-m/libcr_eabihelpers.a(float.o)
 .text.__aeabi_cfcmple
                0x00000000       0x24 /opt/LPCExpresso/tools/bin/../lib/gcc/arm-none-eabi/4.4.1/armv6-m/libcr_eabihelpers.a(float.o)
 .text.__aeabi_cfrcmple
                0x00000000        0xe /opt/LPCExpresso/tools/bin/../lib/gcc/arm-none-eabi/4.4.1/armv6-m/libcr_eabihelpers.a(float.o)
 .text          0x00000000        0x0 /opt/LPCExpresso/tools/bin/../lib/gcc/arm-none-eabi/4.4.1/armv6-m/libcr_eabihelpers.a(llong.o)
 .data          0x00000000        0x0 /opt/LPCExpresso/tools/bin/../lib/gcc/arm-none-eabi/4.4.1/armv6-m/libcr_eabihelpers.a(llong.o)
 .bss           0x00000000        0x0 /opt/LPCExpresso/tools/bin/../lib/gcc/arm-none-eabi/4.4.1/armv6-m/libcr_eabihelpers.a(llong.o)
 .text.__aeabi_llong_llsl
                0x00000000       0x18 /opt/LPCExpresso/tools/bin/../lib/gcc/arm-none-eabi/4.4.1/armv6-m/libcr_eabihelpers.a(llong.o)
 .text.__aeabi_llong_llsr
                0x00000000       0x18 /opt/LPCExpresso/tools/bin/../lib/gcc/arm-none-eabi/4.4.1/armv6-m/libcr_eabihelpers.a(llong.o)
 .text.__aeabi_llong_lasr
                0x00000000       0x18 /opt/LPCExpresso/tools/bin/../lib/gcc/arm-none-eabi/4.4.1/armv6-m/libcr_eabihelpers.a(llong.o)
 .text.__aeabi_llong_lcmp
                0x00000000       0x14 /opt/LPCExpresso/tools/bin/../lib/gcc/arm-none-eabi/4.4.1/armv6-m/libcr_eabihelpers.a(llong.o)
 .text.__aeabi_llong_ulcmp
                0x00000000       0x10 /opt/LPCExpresso/tools/bin/../lib/gcc/arm-none-eabi/4.4.1/armv6-m/libcr_eabihelpers.a(llong.o)
 .text          0x00000000        0x0 /opt/LPCExpresso/tools/bin/../lib/gcc/arm-none-eabi/4.4.1/armv6-m/libcr_eabihelpers.a(memcpy.o)
 .data          0x00000000        0x0 /opt/LPCExpresso/tools/bin/../lib/gcc/arm-none-eabi/4.4.1/armv6-m/libcr_eabihelpers.a(memcpy.o)
 .bss           0x00000000        0x0 /opt/LPCExpresso/tools/bin/../lib/gcc/arm-none-eabi/4.4.1/armv6-m/libcr_eabihelpers.a(memcpy.o)
 .text.__aeabi_memcpy
                0x00000000       0x2c /opt/LPCExpresso/tools/bin/../lib/gcc/arm-none-eabi/4.4.1/armv6-m/libcr_eabihelpers.a(memcpy.o)
 .text.__aeabi_memmove
                0x00000000       0x1c /opt/LPCExpresso/tools/bin/../lib/gcc/arm-none-eabi/4.4.1/armv6-m/libcr_eabihelpers.a(memcpy.o)
 .text.__aeabi_memclr
                0x00000000        0x6 /opt/LPCExpresso/tools/bin/../lib/gcc/arm-none-eabi/4.4.1/armv6-m/libcr_eabihelpers.a(memcpy.o)
 .text.__aeabi_memset
                0x00000000        0x8 /opt/LPCExpresso/tools/bin/../lib/gcc/arm-none-eabi/4.4.1/armv6-m/libcr_eabihelpers.a(memcpy.o)

Memory Configuration

Name             Origin             Length             Attributes
MFlash32         0x00000000         0x00007000         xr
RamLoc8          0x10000100         0x00001f00         xrw
*default*        0x00000000         0xffffffff

Linker script and memory map

LOAD /opt/LPCExpresso/tools/bin/../lib/gcc/arm-none-eabi/4.4.1/../../../../arm-none-eabi/lib/armv6-m/libm.a
LOAD ./build/main.o
LOAD ./build/scandal_obligations.o
LOAD ./build/core_cm0.o
LOAD ./build/system_LPC11xx.o
LOAD ./build/leds.o
LOAD ./build/gpio.o
LOAD ./build/timer32.o
LOAD ./build/uart.o
LOAD ./build/can.o
LOAD ./build/i2c.o
LOAD ./build/flash.o
LOAD ./build/engine.o
LOAD ./build/error.o
LOAD ./build/manager.o
LOAD ./build/maths.o
LOAD ./build/message.o
LOAD ./build/utils.o
LOAD ./build/cr_startup_lpc11.o
START GROUP
LOAD /opt/LPCExpresso/tools/bin/../lib/gcc/arm-none-eabi/4.4.1/../../../../arm-none-eabi/lib/armv6-m/libcr_c.a
LOAD /opt/LPCExpresso/tools/bin/../lib/gcc/arm-none-eabi/4.4.1/../../../../arm-none-eabi/lib/armv6-m/libcr_semihost.a
LOAD /opt/LPCExpresso/tools/bin/../lib/gcc/arm-none-eabi/4.4.1/armv6-m/libcr_eabihelpers.a
END GROUP
                0x00007000                __top_MFlash32 = 0x7000
                0x10002000                __top_RamLoc8 = 0x10002000

.text           0x00000000     0x6578
 FILL mask 0xff
 *(.isr_vector)
 .isr_vector    0x00000000       0xc0 ./build/cr_startup_lpc11.o
                0x00000000                g_pfnVectors
 *(.text.Reset_Handler .text.SystemInit)
                0x000002fc                . = 0x2fc
 *fill*         0x000000c0      0x23c ff
 *(.crp)
 *(.text*)
 *fill*         0x000002fc        0x4 00
 .text          0x00000300      0xb78 ./build/main.o
                0x00000300                addrgen
                0x00000318                clrbuf
                0x00000330                readsensors
                0x00000332                gyro2omega
                0x0000036c                CompFilter
                0x000003ec                delay
                0x00000404                kalman_update
                0x00000580                gpioGetValue
                0x000005c4                setup_ports
                0x000005fe                accinit
                0x000007b0                gyroinit
                0x00000810                maginit
                0x00000844                readmag
                0x000008b4                readacc
                0x00000a24                readgyro
                0x00000b9c                mag2bearing
                0x00000be8                acc2deg
                0x00000c74                i2cdebug
                0x00000cbc                PrintUint
                0x00000d40                main
 .text          0x00000e78       0x10 ./build/scandal_obligations.o
                0x00000e78                scandal_reset_node
                0x00000e7a                scandal_user_do_first_run
                0x00000e7c                scandal_user_do_config
                0x00000e80                scandal_user_handle_message
                0x00000e84                scandal_user_handle_command
 .text          0x00000e88      0x164 ./build/system_LPC11xx.o
                0x00000e88                SystemCoreClockUpdate
                0x00000f48                SystemInit
 .text          0x00000fec      0x2d4 ./build/gpio.o
                0x00000fec                GPIOInit
                0x00000ffc                GPIOSetInterrupt
                0x00001140                GPIOIntEnable
                0x00001190                GPIOIntDisable
                0x000011d8                GPIOIntStatus
                0x00001228                GPIOIntClear
                0x00001278                GPIOSetValue
                0x0000128c                GPIOSetDir
 .text          0x000012c0      0x3a4 ./build/timer32.o
                0x000012c0                sc_set_timer
                0x000012cc                sc_get_timer
                0x000012d8                delay32Ms
                0x00001360                TIMER32_0_IRQHandler
                0x00001394                enable_timer32
                0x000013b0                disable_timer32
                0x000013cc                reset_timer32
                0x000013ec                init_timer32PWM
                0x00001528                setMatch_timer32PWM
                0x00001584                init_timer32
                0x00001640                sc_init_timer
 .text          0x00001664      0x464 ./build/uart.o
                0x00001664                UART_IRQHandler
                0x00001700                ModemInit
                0x0000177c                UARTSend
                0x000019d8                UART_printf
                0x000019ec                UART_sprintf
                0x00001a04                UARTInit
 .text          0x00001ac8      0x588 ./build/can.o
                0x00001ac8                can_get_msg
                0x00001acc                can_send_msg
                0x00001ad0                can_register_id
                0x00001ad4                can_interrupt
                0x00001ad6                can_poll
                0x00001ad8                can_baud_rate
                0x00001adc                enable_can_interrupt
                0x00001ade                disable_can_interrupt
                0x00001ae0                FetchData
                0x00001b1c                FetchHeaders
                0x00001b5c                ProcessReceived
                0x00001b88                CAN_MessageProcess
                0x00001c5c                CAN_IRQHandler
                0x00001cc8                CAN_ConfigureMessages
                0x00001d24                CAN_Send
                0x00001e08                SCANDAL_AddrGen
                0x00001e16                CAN_MsgConfigParam
                0x00001e60                CAN_CustomConfigureMessages
                0x00001ed4                BufferCheck
                0x00001ef0                FlipValues
                0x00001f14                SCANDAL_Send
                0x00001fc4                CAN_Init
                0x00002040                init_can
 .text          0x00002050      0x220 ./build/i2c.o
                0x00002050                I2C_IRQHandler
                0x0000216c                I2CStart
                0x0000219c                I2CStop
                0x000021b8                I2CEngine
                0x00002204                I2CInit
 .text          0x00002270        0xa ./build/flash.o
                0x00002270                sc_init_eeprom
                0x00002272                sc_read_conf
                0x00002274                sc_write_conf
                0x00002276                sc_user_eeprom_read_block
                0x00002278                sc_user_eeprom_write_block
 *fill*         0x0000227a        0x2 00
 .text          0x0000227c      0x3a0 ./build/engine.o
                0x0000227c                scandal_get_m
                0x0000228c                scandal_get_b
                0x0000229c                scandal_get_in_channel_value
                0x000022ac                scandal_get_in_channel_rcvd_time
                0x000022c0                scandal_get_in_channel_time
                0x000022d4                scandal_in_channel_is_valid
                0x000022d8                scandal_get_in_channel
                0x000022e8                scandal_get_addr
                0x000022f4                scandal_get_mac
                0x000022f8                scandal_get_msg_type
                0x00002300                scandal_get_msg_priority
                0x0000230c                scandal_handle_channel
                0x00002310                getconfig
                0x00002328                scandal_handle_command
                0x0000234c                scandal_handle_timesync
                0x00002394                scandal_handle_reset
                0x000023b0                scandal_handle_config
                0x00002454                scandal_set_b
                0x0000246c                scandal_set_m
                0x00002484                scandal_handle_user_config
                0x000024d0                do_first_run
                0x000024fc                handle_message
                0x00002548                handle_scandal
                0x00002594                scandal_init
 .text          0x0000261c       0x54 ./build/error.o
                0x0000261c                scandal_get_last_scandal_error
                0x00002628                scandal_get_last_user_error
                0x00002634                scandal_get_num_errors
                0x00002640                do_fatal_error
                0x00002642                scandal_do_user_err
                0x00002658                scandal_do_scandal_err
 .text          0x00002670      0x238 ./build/message.o
                0x00002670                scandal_send_timesync
                0x000026b2                scandal_send_reset
                0x000026f8                scandal_send_user_config
                0x0000274e                scandal_send_user_error
                0x00002790                scandal_send_scandal_error
                0x000027d0                scandal_build_heartbeat_msg
                0x00002824                scandal_send_channel_with_timestamp
                0x00002872                scandal_send_heartbeat
 .text          0x000028a8       0x5c ./build/cr_startup_lpc11.o
                0x000028a8                NMI_Handler
                0x000028ac                HardFault_Handler
                0x000028b0                SVCall_Handler
                0x000028b4                PendSV_Handler
                0x000028b8                SysTick_Handler
                0x000028bc                TIMER16_0_IRQHandler
                0x000028bc                TIMER32_1_IRQHandler
                0x000028bc                IntDefaultHandler
                0x000028bc                PIOINT1_IRQHandler
                0x000028bc                SSP0_IRQHandler
                0x000028bc                TIMER16_1_IRQHandler
                0x000028bc                ADC_IRQHandler
                0x000028bc                SSP1_IRQHandler
                0x000028bc                PIOINT2_IRQHandler
                0x000028bc                BOD_IRQHandler
                0x000028bc                WAKEUP_IRQHandler
                0x000028bc                PIOINT0_IRQHandler
                0x000028bc                WDT_IRQHandler
                0x000028bc                PIOINT3_IRQHandler
                0x000028c0                ResetISR
 *fill*         0x00002904        0x4 00
 .text.atan2    0x00002908      0x128 /opt/LPCExpresso/tools/bin/../lib/gcc/arm-none-eabi/4.4.1/../../../../arm-none-eabi/lib/armv6-m/libcr_c.a(atan2.o)
                0x00002908                atan2
 .text.fabs     0x00002a30       0x28 /opt/LPCExpresso/tools/bin/../lib/gcc/arm-none-eabi/4.4.1/../../../../arm-none-eabi/lib/armv6-m/libcr_c.a(fabs.o)
                0x00002a30                fabs
 .text.fp_round
                0x00002a58       0x52 /opt/LPCExpresso/tools/bin/../lib/gcc/arm-none-eabi/4.4.1/../../../../arm-none-eabi/lib/armv6-m/libcr_c.a(fpprintf.o)
 .text.lose_trailing_zeros
                0x00002aaa       0x20 /opt/LPCExpresso/tools/bin/../lib/gcc/arm-none-eabi/4.4.1/../../../../arm-none-eabi/lib/armv6-m/libcr_c.a(fpprintf.o)
 *fill*         0x00002aca        0x2 00
 .text.vsnprintf
                0x00002acc       0x60 /opt/LPCExpresso/tools/bin/../lib/gcc/arm-none-eabi/4.4.1/../../../../arm-none-eabi/lib/armv6-m/libcr_c.a(fpprintf.o)
                0x00002acc                vsnprintf
 *fill*         0x00002b2c        0x4 00
 .text.sprintf  0x00002b30       0x70 /opt/LPCExpresso/tools/bin/../lib/gcc/arm-none-eabi/4.4.1/../../../../arm-none-eabi/lib/armv6-m/libcr_c.a(fpprintf.o)
                0x00002b30                sprintf
 .text.printf   0x00002ba0       0x50 /opt/LPCExpresso/tools/bin/../lib/gcc/arm-none-eabi/4.4.1/../../../../arm-none-eabi/lib/armv6-m/libcr_c.a(fpprintf.o)
                0x00002ba0                printf
 .text.T.118    0x00002bf0       0x2c /opt/LPCExpresso/tools/bin/../lib/gcc/arm-none-eabi/4.4.1/../../../../arm-none-eabi/lib/armv6-m/libcr_c.a(fpprintf.o)
 *fill*         0x00002c1c        0x4 00
 .text.fp_display
                0x00002c20      0x9b0 /opt/LPCExpresso/tools/bin/../lib/gcc/arm-none-eabi/4.4.1/../../../../arm-none-eabi/lib/armv6-m/libcr_c.a(fpprintf.o)
 .text.pow      0x000035d0      0x5a0 /opt/LPCExpresso/tools/bin/../lib/gcc/arm-none-eabi/4.4.1/../../../../arm-none-eabi/lib/armv6-m/libcr_c.a(pow.o)
                0x000035d0                pow
 .text.__vfprintf
                0x00003b70      0xd40 /opt/LPCExpresso/tools/bin/../lib/gcc/arm-none-eabi/4.4.1/../../../../arm-none-eabi/lib/armv6-m/libcr_c.a(printf.o)
                0x00003b70                __vfprintf
 .text.strcpy   0x000048b0       0x44 /opt/LPCExpresso/tools/bin/../lib/gcc/arm-none-eabi/4.4.1/../../../../arm-none-eabi/lib/armv6-m/libcr_c.a(strcpy.o)
                0x000048b0                strcpy
 .text.strlen   0x000048f4       0x54 /opt/LPCExpresso/tools/bin/../lib/gcc/arm-none-eabi/4.4.1/../../../../arm-none-eabi/lib/armv6-m/libcr_c.a(strlen.o)
                0x000048f4                strlen
 .text.memset   0x00004948        0x8 /opt/LPCExpresso/tools/bin/../lib/gcc/arm-none-eabi/4.4.1/../../../../arm-none-eabi/lib/armv6-m/libcr_c.a(memset.o)
                0x00004948                memset
 .text._deferredlazyseek
                0x00004950       0x44 /opt/LPCExpresso/tools/bin/../lib/gcc/arm-none-eabi/4.4.1/../../../../arm-none-eabi/lib/armv6-m/libcr_c.a(_deferredlazyseek.o)
                0x00004950                _deferredlazyseek
 .text.__flsbuf
                0x00004994      0x158 /opt/LPCExpresso/tools/bin/../lib/gcc/arm-none-eabi/4.4.1/../../../../arm-none-eabi/lib/armv6-m/libcr_c.a(_deferredlazyseek.o)
                0x00004994                __flsbuf
 .text._fflush  0x00004aec       0x5c /opt/LPCExpresso/tools/bin/../lib/gcc/arm-none-eabi/4.4.1/../../../../arm-none-eabi/lib/armv6-m/libcr_c.a(_fflush.o)
                0x00004aec                _fflush
 .text._frexpl  0x00004b48       0x88 /opt/LPCExpresso/tools/bin/../lib/gcc/arm-none-eabi/4.4.1/../../../../arm-none-eabi/lib/armv6-m/libcr_c.a(_frexpl.o)
                0x00004b48                _frexpl
 .text._ldexpl  0x00004bd0       0x70 /opt/LPCExpresso/tools/bin/../lib/gcc/arm-none-eabi/4.4.1/../../../../arm-none-eabi/lib/armv6-m/libcr_c.a(_ldexpl.o)
                0x00004bd0                _ldexpl
 .text._Cwritebuf
                0x00004c40       0x7c /opt/LPCExpresso/tools/bin/../lib/gcc/arm-none-eabi/4.4.1/../../../../arm-none-eabi/lib/armv6-m/libcr_c.a(_writebuf.o)
                0x00004c40                _Cwritebuf
 .text.free     0x00004cbc        0xa /opt/LPCExpresso/tools/bin/../lib/gcc/arm-none-eabi/4.4.1/../../../../arm-none-eabi/lib/armv6-m/libcr_c.a(alloc.o)
                0x00004cbc                free
 *fill*         0x00004cc6        0x2 00
 .text.malloc   0x00004cc8       0xb4 /opt/LPCExpresso/tools/bin/../lib/gcc/arm-none-eabi/4.4.1/../../../../arm-none-eabi/lib/armv6-m/libcr_c.a(alloc.o)
                0x00004cc8                malloc
 .text._Csys_alloc
                0x00004d7c       0x24 /opt/LPCExpresso/tools/bin/../lib/gcc/arm-none-eabi/4.4.1/../../../../arm-none-eabi/lib/armv6-m/libcr_c.a(alloc.o)
                0x00004d7c                _Csys_alloc
 .text.atan     0x00004da0      0x218 /opt/LPCExpresso/tools/bin/../lib/gcc/arm-none-eabi/4.4.1/../../../../arm-none-eabi/lib/armv6-m/libcr_c.a(atan.o)
                0x00004da0                atan
 .text.frexp    0x00004fb8       0x88 /opt/LPCExpresso/tools/bin/../lib/gcc/arm-none-eabi/4.4.1/../../../../arm-none-eabi/lib/armv6-m/libcr_c.a(frexp.o)
                0x00004fb8                frexp
 .text.fseek    0x00005040      0x104 /opt/LPCExpresso/tools/bin/../lib/gcc/arm-none-eabi/4.4.1/../../../../arm-none-eabi/lib/armv6-m/libcr_c.a(fseek.o)
                0x00005040                fseek
 .text.ftell    0x00005144       0x4c /opt/LPCExpresso/tools/bin/../lib/gcc/arm-none-eabi/4.4.1/../../../../arm-none-eabi/lib/armv6-m/libcr_c.a(ftell.o)
                0x00005144                ftell
 .text.ldexp    0x00005190       0x70 /opt/LPCExpresso/tools/bin/../lib/gcc/arm-none-eabi/4.4.1/../../../../arm-none-eabi/lib/armv6-m/libcr_c.a(ldexp.o)
                0x00005190                ldexp
 .text.__sys_appexit
                0x00005200        0xc /opt/LPCExpresso/tools/bin/../lib/gcc/arm-none-eabi/4.4.1/../../../../arm-none-eabi/lib/armv6-m/libcr_semihost.a(__sys_appexit.o)
                0x00005200                __exit
                0x00005200                __sys_appexit
 .text.__sys_flen
                0x0000520c        0xc /opt/LPCExpresso/tools/bin/../lib/gcc/arm-none-eabi/4.4.1/../../../../arm-none-eabi/lib/armv6-m/libcr_semihost.a(__sys_flen.o)
                0x0000520c                __sys_flen
 .text.__sys_istty
                0x00005218        0xc /opt/LPCExpresso/tools/bin/../lib/gcc/arm-none-eabi/4.4.1/../../../../arm-none-eabi/lib/armv6-m/libcr_semihost.a(__sys_istty.o)
                0x00005218                __sys_istty
 .text.__sys_seek
                0x00005224        0xc /opt/LPCExpresso/tools/bin/../lib/gcc/arm-none-eabi/4.4.1/../../../../arm-none-eabi/lib/armv6-m/libcr_semihost.a(__sys_seek.o)
                0x00005224                __sys_seek
 .text.__sys_write
                0x00005230        0xc /opt/LPCExpresso/tools/bin/../lib/gcc/arm-none-eabi/4.4.1/../../../../arm-none-eabi/lib/armv6-m/libcr_semihost.a(__sys_write.o)
                0x00005230                __write
                0x00005230                __sys_write
 .text._sbrk    0x0000523c       0x44 /opt/LPCExpresso/tools/bin/../lib/gcc/arm-none-eabi/4.4.1/../../../../arm-none-eabi/lib/armv6-m/libcr_semihost.a(_cr_sbrk.o)
                0x0000523c                _sbrk
 .text.__check_heap_overflow
                0x00005280       0x30 /opt/LPCExpresso/tools/bin/../lib/gcc/arm-none-eabi/4.4.1/../../../../arm-none-eabi/lib/armv6-m/libcr_semihost.a(_cr_check_heap.o)
                0x00005280                __check_heap_overflow
 .text.__aeabi_division_idivmod
                0x000052b0        0x6 /opt/LPCExpresso/tools/bin/../lib/gcc/arm-none-eabi/4.4.1/armv6-m/libcr_eabihelpers.a(division.o)
                0x000052b0                __aeabi_idiv
                0x000052b0                __aeabi_idivmod
 .text.__aeabi_division_uidivmod
                0x000052b6       0x72 /opt/LPCExpresso/tools/bin/../lib/gcc/arm-none-eabi/4.4.1/armv6-m/libcr_eabihelpers.a(division.o)
                0x000052b6                __aeabi_uidiv
                0x000052b6                __aeabi_uidivmod
 .text.__aeabi_division_idiv0
                0x00005328        0x2 /opt/LPCExpresso/tools/bin/../lib/gcc/arm-none-eabi/4.4.1/armv6-m/libcr_eabihelpers.a(division.o)
                0x00005328                __aeabi_idiv0
 *fill*         0x0000532a        0x6 00
 .text.__aeabi_dmul
                0x00005330      0x1a0 /opt/LPCExpresso/tools/bin/../lib/gcc/arm-none-eabi/4.4.1/armv6-m/libcr_eabihelpers.a(double.o)
                0x00005330                __aeabi_dmul
 .text.__aeabi_ddiv
                0x000054d0      0x178 /opt/LPCExpresso/tools/bin/../lib/gcc/arm-none-eabi/4.4.1/armv6-m/libcr_eabihelpers.a(double.o)
                0x000054d0                __aeabi_ddiv
 .text.__aeabi_dsub
                0x00005648      0x1e8 /opt/LPCExpresso/tools/bin/../lib/gcc/arm-none-eabi/4.4.1/armv6-m/libcr_eabihelpers.a(double.o)
                0x00005648                __aeabi_dsub
 .text.__aeabi_dadd
                0x00005830      0x148 /opt/LPCExpresso/tools/bin/../lib/gcc/arm-none-eabi/4.4.1/armv6-m/libcr_eabihelpers.a(double.o)
                0x00005830                __aeabi_dadd
 .text.__aeabi_d2f
                0x00005978       0x68 /opt/LPCExpresso/tools/bin/../lib/gcc/arm-none-eabi/4.4.1/armv6-m/libcr_eabihelpers.a(double.o)
                0x00005978                __aeabi_d2f
 .text.__aeabi_d2iz
                0x000059e0       0x50 /opt/LPCExpresso/tools/bin/../lib/gcc/arm-none-eabi/4.4.1/armv6-m/libcr_eabihelpers.a(double.o)
                0x000059e0                __aeabi_d2iz
 .text.__aeabi_d2uiz
                0x00005a30       0x40 /opt/LPCExpresso/tools/bin/../lib/gcc/arm-none-eabi/4.4.1/armv6-m/libcr_eabihelpers.a(double.o)
                0x00005a30                __aeabi_d2uiz
 .text.__bhs_ui2d
                0x00005a70       0x70 /opt/LPCExpresso/tools/bin/../lib/gcc/arm-none-eabi/4.4.1/armv6-m/libcr_eabihelpers.a(double.o)
                0x00005a70                __bhs_ui2d
 .text.__aeabi_i2d
                0x00005ae0       0x18 /opt/LPCExpresso/tools/bin/../lib/gcc/arm-none-eabi/4.4.1/armv6-m/libcr_eabihelpers.a(double.o)
                0x00005ae0                __aeabi_i2d
 .text.__aeabi_ui2d
                0x00005af8        0xc /opt/LPCExpresso/tools/bin/../lib/gcc/arm-none-eabi/4.4.1/armv6-m/libcr_eabihelpers.a(double.o)
                0x00005af8                __aeabi_ui2d
 .text.__aeabi_dcmpeq
                0x00005b04       0x3c /opt/LPCExpresso/tools/bin/../lib/gcc/arm-none-eabi/4.4.1/armv6-m/libcr_eabihelpers.a(double.o)
                0x00005b04                __aeabi_dcmpeq
 .text.__aeabi_dcmplt
                0x00005b40       0x60 /opt/LPCExpresso/tools/bin/../lib/gcc/arm-none-eabi/4.4.1/armv6-m/libcr_eabihelpers.a(double.o)
                0x00005b40                __aeabi_dcmplt
 .text.__aeabi_dcmpgt
                0x00005ba0       0x64 /opt/LPCExpresso/tools/bin/../lib/gcc/arm-none-eabi/4.4.1/armv6-m/libcr_eabihelpers.a(double.o)
                0x00005ba0                __aeabi_dcmpgt
 .text.__aeabi_dcmple
                0x00005c04       0x68 /opt/LPCExpresso/tools/bin/../lib/gcc/arm-none-eabi/4.4.1/armv6-m/libcr_eabihelpers.a(double.o)
                0x00005c04                __aeabi_dcmple
 .text.__aeabi_dcmpge
                0x00005c6c       0x68 /opt/LPCExpresso/tools/bin/../lib/gcc/arm-none-eabi/4.4.1/armv6-m/libcr_eabihelpers.a(double.o)
                0x00005c6c                __aeabi_dcmpge
 .text.__aeabi_fmul
                0x00005cd4       0xd4 /opt/LPCExpresso/tools/bin/../lib/gcc/arm-none-eabi/4.4.1/armv6-m/libcr_eabihelpers.a(float.o)
                0x00005cd4                __aeabi_fmul
 .text.__aeabi_fdiv
                0x00005da8       0xd8 /opt/LPCExpresso/tools/bin/../lib/gcc/arm-none-eabi/4.4.1/armv6-m/libcr_eabihelpers.a(float.o)
                0x00005da8                __aeabi_fdiv
 .text.__aeabi_fsub
                0x00005e80      0x134 /opt/LPCExpresso/tools/bin/../lib/gcc/arm-none-eabi/4.4.1/armv6-m/libcr_eabihelpers.a(float.o)
                0x00005e80                __aeabi_fsub
 .text.__aeabi_fadd
                0x00005fb4       0xbc /opt/LPCExpresso/tools/bin/../lib/gcc/arm-none-eabi/4.4.1/armv6-m/libcr_eabihelpers.a(float.o)
                0x00005fb4                __aeabi_fadd
 .text.__aeabi_f2iz
                0x00006070       0x38 /opt/LPCExpresso/tools/bin/../lib/gcc/arm-none-eabi/4.4.1/armv6-m/libcr_eabihelpers.a(float.o)
                0x00006070                __aeabi_f2iz
 .text.__bhs_ui2f
                0x000060a8       0x70 /opt/LPCExpresso/tools/bin/../lib/gcc/arm-none-eabi/4.4.1/armv6-m/libcr_eabihelpers.a(float.o)
                0x000060a8                __bhs_ui2f
 .text.__aeabi_i2f
                0x00006118       0x18 /opt/LPCExpresso/tools/bin/../lib/gcc/arm-none-eabi/4.4.1/armv6-m/libcr_eabihelpers.a(float.o)
                0x00006118                __aeabi_i2f
 .text.__aeabi_f2d
                0x00006130       0x44 /opt/LPCExpresso/tools/bin/../lib/gcc/arm-none-eabi/4.4.1/armv6-m/libcr_eabihelpers.a(float.o)
                0x00006130                __aeabi_f2d
 .text.__aeabi_llong_lmul
                0x00006174       0x2e /opt/LPCExpresso/tools/bin/../lib/gcc/arm-none-eabi/4.4.1/armv6-m/libcr_eabihelpers.a(llong.o)
                0x00006174                __aeabi_lmul
 .text.__aeabi_memset_lowlevel
                0x000061a2       0x2a /opt/LPCExpresso/tools/bin/../lib/gcc/arm-none-eabi/4.4.1/armv6-m/libcr_eabihelpers.a(memcpy.o)
                0x000061a2                __aeabi_lowlevel_memset
 *(.rodata*)
 .rodata.str1.1
                0x000061cc       0x3c ./build/main.o
                                 0x3f (size before relaxing)
 .rodata        0x00006208       0x40 ./build/system_LPC11xx.o
 .rodata        0x00006248       0x10 ./build/gpio.o
 .rodata.str1.1
                0x00006258        0x7 ./build/uart.o
 *fill*         0x0000625f        0x1 00
 .rodata        0x00006260       0x20 ./build/engine.o
 .rodata.str1.1
                0x00006280       0x32 /opt/LPCExpresso/tools/bin/../lib/gcc/arm-none-eabi/4.4.1/../../../../arm-none-eabi/lib/armv6-m/libcr_c.a(fpprintf.o)
                                 0x35 (size before relaxing)
 *fill*         0x000062b2        0x6 00
 .rodata.a2.1422
                0x000062b8       0x40 /opt/LPCExpresso/tools/bin/../lib/gcc/arm-none-eabi/4.4.1/../../../../arm-none-eabi/lib/armv6-m/libcr_c.a(pow.o)
 .rodata.a1.1421
                0x000062f8       0x88 /opt/LPCExpresso/tools/bin/../lib/gcc/arm-none-eabi/4.4.1/../../../../arm-none-eabi/lib/armv6-m/libcr_c.a(pow.o)
 .rodata.str1.1
                0x00006380       0x2a /opt/LPCExpresso/tools/bin/../lib/gcc/arm-none-eabi/4.4.1/../../../../arm-none-eabi/lib/armv6-m/libcr_c.a(printf.o)
                                 0x38 (size before relaxing)
 *fill*         0x000063aa        0x6 00
 .rodata.__huge_val
                0x000063b0        0x8 /opt/LPCExpresso/tools/bin/../lib/gcc/arm-none-eabi/4.4.1/../../../../arm-none-eabi/lib/armv6-m/libcr_c.a(_hugeval.o)
                0x000063b0                __huge_val
 .rodata.__huge_vall
                0x000063b8        0x8 /opt/LPCExpresso/tools/bin/../lib/gcc/arm-none-eabi/4.4.1/../../../../arm-none-eabi/lib/armv6-m/libcr_c.a(_hugeval.o)
                0x000063b8                __huge_vall
 .rodata.str1.1
                0x000063c0       0x18 /opt/LPCExpresso/tools/bin/../lib/gcc/arm-none-eabi/4.4.1/../../../../arm-none-eabi/lib/armv6-m/libcr_c.a(alloc.o)
 .rodata.a.1411
                0x000063d8       0x20 /opt/LPCExpresso/tools/bin/../lib/gcc/arm-none-eabi/4.4.1/../../../../arm-none-eabi/lib/armv6-m/libcr_c.a(atan.o)
 .rodata.__ctype
                0x000063f8      0x180 /opt/LPCExpresso/tools/bin/../lib/gcc/arm-none-eabi/4.4.1/../../../../arm-none-eabi/lib/armv6-m/libcr_c.a(ctype.o)
                0x000063f8                __ctype

.glue_7         0x00006578        0x0
 .glue_7        0x00000000        0x0 linker stubs

.glue_7t        0x00006578        0x0
 .glue_7t       0x00000000        0x0 linker stubs

.vfp11_veneer   0x00006578        0x0
 .vfp11_veneer  0x00000000        0x0 linker stubs

.v4_bx          0x00006578        0x0
 .v4_bx         0x00000000        0x0 linker stubs

.ARM.extab
 *(.ARM.extab* .gnu.linkonce.armextab.*)
                0x00006578                __exidx_start = .

.ARM.exidx
 *(.ARM.exidx* .gnu.linkonce.armexidx.*)
                0x00006578                __exidx_end = .
                0x00006578                _etext = .

.data           0x10000100       0x15 load address 0x00006578
                0x10000100                _data = .
 *(vtable)
 *(.data*)
 .data          0x10000100       0x10 ./build/main.o
 .data          0x10000110        0x4 ./build/system_LPC11xx.o
                0x10000110                SystemCoreClock
 .data          0x10000114        0x1 ./build/uart.o
                0x10000114                UARTTxEmpty
                0x10000115                _edata = .

.bss            0x10000118      0x59c load address 0x00006590
                0x10000118                _bss = .
 *(.bss*)
 .bss           0x10000118       0x4c ./build/main.o
                0x10000120                iapResult
                0x10000130                iapCommand
                0x10000144                gyrointx
                0x10000148                gyrointy
                0x1000014c                gyrointz
                0x10000150                Acceleration
                0x10000154                Acc_DiffV
                0x10000158                Acc_LastV
                0x1000015c                Acc_DiffT
                0x10000160                Acc_LastT
 .bss           0x10000164       0x10 ./build/timer32.o
                0x10000164                timer32_0_counter
                0x10000168                timer32_0_capture
                0x1000016c                timer32_1_period
                0x10000170                timer32_0_period
 .bss           0x10000174        0x4 ./build/uart.o
                0x10000174                UARTCount
 .bss           0x10000178       0x10 ./build/can.o
                0x10000178                SCANDALClockOffset
                0x1000017c                EWarnCnt
                0x10000180                BOffCnt
                0x10000184                EPassCnt
 .bss           0x10000188       0x18 ./build/i2c.o
                0x10000188                timeout
                0x1000018c                WrIndex
                0x10000190                RdIndex
                0x10000194                I2CMasterState
                0x10000198                I2CSlaveState
                0x1000019c                I2CCount
 .bss           0x100001a0        0x8 ./build/error.o
                0x100001a0                last_scandal_error
                0x100001a1                last_user_error
                0x100001a4                num_errors
 .bss.errno     0x100001a8        0x4 /opt/LPCExpresso/tools/bin/../lib/gcc/arm-none-eabi/4.4.1/../../../../arm-none-eabi/lib/armv6-m/libcr_c.a(errno.o)
                0x100001a8                errno
 *(COMMON)
 COMMON         0x100001ac       0x44 ./build/uart.o
                0x100001ac                UARTBuffer
                0x100001ec                UARTStatus
 COMMON         0x100001f0      0x400 ./build/can.o
                0x100001f0                CANRxDone
                0x10000270                UARTBUFF
                0x100002f0                can_buff
 COMMON         0x100005f0       0x8c ./build/i2c.o
                0x100005f0                I2CReadLength
                0x100005f4                I2CSlaveBuffer
                0x10000634                I2CMode
                0x10000638                I2CMasterBuffer
                0x10000678                I2CWriteLength
 *fill*         0x1000067c        0x4 00
 COMMON         0x10000680       0x2c ./build/engine.o
                0x10000680                heartbeat_timer
                0x10000688                timesync_offset
                0x10000690                my_config
                0x100006ac                in_channels
 COMMON         0x100006ac        0x8 /opt/LPCExpresso/tools/bin/../lib/gcc/arm-none-eabi/4.4.1/../../../../arm-none-eabi/lib/armv6-m/libcr_c.a(__init_alloc.o)
                0x100006ac                __heaps
                0x100006b0                __end_of_heap
                0x100006b4                _ebss = .

.cr_heap        0x100006b4        0x0
                0x100006b4                end = .
                0x100006b4                _pvHeapStart = .
                0x10002000                _vRamTop = __top_RamLoc8
                0x10002000                _vStackTop = _vRamTop
OUTPUT(./build/main.axf elf32-littlearm)

.comment        0x00000000      0x810
 .comment       0x00000000       0x2b ./build/main.o
 .comment       0x0000002b       0x2b ./build/scandal_obligations.o
 .comment       0x00000056       0x2b ./build/core_cm0.o
 .comment       0x00000081       0x2b ./build/system_LPC11xx.o
 .comment       0x000000ac       0x2b ./build/leds.o
 .comment       0x000000d7       0x2b ./build/gpio.o
 .comment       0x00000102       0x2b ./build/timer32.o
 .comment       0x0000012d       0x2b ./build/uart.o
 .comment       0x00000158       0x2b ./build/can.o
 .comment       0x00000183       0x2b ./build/i2c.o
 .comment       0x000001ae       0x2b ./build/flash.o
 .comment       0x000001d9       0x2b ./build/engine.o
 .comment       0x00000204       0x2b ./build/error.o
 .comment       0x0000022f       0x2b ./build/manager.o
 .comment       0x0000025a       0x2b ./build/maths.o
 .comment       0x00000285       0x2b ./build/message.o
 .comment       0x000002b0       0x2b ./build/utils.o
 .comment       0x000002db       0x2b ./build/cr_startup_lpc11.o
 .comment       0x00000306       0x2b /opt/LPCExpresso/tools/bin/../lib/gcc/arm-none-eabi/4.4.1/../../../../arm-none-eabi/lib/armv6-m/libcr_c.a(atan2.o)
 .comment       0x00000331       0x2b /opt/LPCExpresso/tools/bin/../lib/gcc/arm-none-eabi/4.4.1/../../../../arm-none-eabi/lib/armv6-m/libcr_c.a(errno.o)
 .comment       0x0000035c       0x2b /opt/LPCExpresso/tools/bin/../lib/gcc/arm-none-eabi/4.4.1/../../../../arm-none-eabi/lib/armv6-m/libcr_c.a(fabs.o)
 .comment       0x00000387       0x2b /opt/LPCExpresso/tools/bin/../lib/gcc/arm-none-eabi/4.4.1/../../../../arm-none-eabi/lib/armv6-m/libcr_c.a(fpprintf.o)
 .comment       0x000003b2       0x2b /opt/LPCExpresso/tools/bin/../lib/gcc/arm-none-eabi/4.4.1/../../../../arm-none-eabi/lib/armv6-m/libcr_c.a(pow.o)
 .comment       0x000003dd       0x2b /opt/LPCExpresso/tools/bin/../lib/gcc/arm-none-eabi/4.4.1/../../../../arm-none-eabi/lib/armv6-m/libcr_c.a(printf.o)
 .comment       0x00000408       0x2b /opt/LPCExpresso/tools/bin/../lib/gcc/arm-none-eabi/4.4.1/../../../../arm-none-eabi/lib/armv6-m/libcr_c.a(stdio.o)
 .comment       0x00000433       0x2b /opt/LPCExpresso/tools/bin/../lib/gcc/arm-none-eabi/4.4.1/../../../../arm-none-eabi/lib/armv6-m/libcr_c.a(strcpy.o)
 .comment       0x0000045e       0x2b /opt/LPCExpresso/tools/bin/../lib/gcc/arm-none-eabi/4.4.1/../../../../arm-none-eabi/lib/armv6-m/libcr_c.a(strlen.o)
 .comment       0x00000489       0x2b /opt/LPCExpresso/tools/bin/../lib/gcc/arm-none-eabi/4.4.1/../../../../arm-none-eabi/lib/armv6-m/libcr_c.a(memset.o)
 .comment       0x000004b4       0x2b /opt/LPCExpresso/tools/bin/../lib/gcc/arm-none-eabi/4.4.1/../../../../arm-none-eabi/lib/armv6-m/libcr_c.a(__fillbuf.o)
 .comment       0x000004df       0x2b /opt/LPCExpresso/tools/bin/../lib/gcc/arm-none-eabi/4.4.1/../../../../arm-none-eabi/lib/armv6-m/libcr_c.a(_deferredlazyseek.o)
 .comment       0x0000050a       0x2b /opt/LPCExpresso/tools/bin/../lib/gcc/arm-none-eabi/4.4.1/../../../../arm-none-eabi/lib/armv6-m/libcr_c.a(_fflush.o)
 .comment       0x00000535       0x2b /opt/LPCExpresso/tools/bin/../lib/gcc/arm-none-eabi/4.4.1/../../../../arm-none-eabi/lib/armv6-m/libcr_c.a(_frexpl.o)
 .comment       0x00000560       0x2b /opt/LPCExpresso/tools/bin/../lib/gcc/arm-none-eabi/4.4.1/../../../../arm-none-eabi/lib/armv6-m/libcr_c.a(_hugeval.o)
 .comment       0x0000058b       0x2b /opt/LPCExpresso/tools/bin/../lib/gcc/arm-none-eabi/4.4.1/../../../../arm-none-eabi/lib/armv6-m/libcr_c.a(_ldexpl.o)
 .comment       0x000005b6       0x2b /opt/LPCExpresso/tools/bin/../lib/gcc/arm-none-eabi/4.4.1/../../../../arm-none-eabi/lib/armv6-m/libcr_c.a(_writebuf.o)
 .comment       0x000005e1       0x2b /opt/LPCExpresso/tools/bin/../lib/gcc/arm-none-eabi/4.4.1/../../../../arm-none-eabi/lib/armv6-m/libcr_c.a(alloc.o)
 .comment       0x0000060c       0x2b /opt/LPCExpresso/tools/bin/../lib/gcc/arm-none-eabi/4.4.1/../../../../arm-none-eabi/lib/armv6-m/libcr_c.a(atan.o)
 .comment       0x00000637       0x2b /opt/LPCExpresso/tools/bin/../lib/gcc/arm-none-eabi/4.4.1/../../../../arm-none-eabi/lib/armv6-m/libcr_c.a(ctype.o)
 .comment       0x00000662       0x2b /opt/LPCExpresso/tools/bin/../lib/gcc/arm-none-eabi/4.4.1/../../../../arm-none-eabi/lib/armv6-m/libcr_c.a(frexp.o)
 .comment       0x0000068d       0x2b /opt/LPCExpresso/tools/bin/../lib/gcc/arm-none-eabi/4.4.1/../../../../arm-none-eabi/lib/armv6-m/libcr_c.a(fseek.o)
 .comment       0x000006b8       0x2b /opt/LPCExpresso/tools/bin/../lib/gcc/arm-none-eabi/4.4.1/../../../../arm-none-eabi/lib/armv6-m/libcr_c.a(ftell.o)
 .comment       0x000006e3       0x2b /opt/LPCExpresso/tools/bin/../lib/gcc/arm-none-eabi/4.4.1/../../../../arm-none-eabi/lib/armv6-m/libcr_c.a(ldexp.o)
 .comment       0x0000070e       0x2b /opt/LPCExpresso/tools/bin/../lib/gcc/arm-none-eabi/4.4.1/../../../../arm-none-eabi/lib/armv6-m/libcr_c.a(memcpy.o)
 .comment       0x00000739       0x2b /opt/LPCExpresso/tools/bin/../lib/gcc/arm-none-eabi/4.4.1/../../../../arm-none-eabi/lib/armv6-m/libcr_c.a(__init_alloc.o)
 .comment       0x00000764       0x2b /opt/LPCExpresso/tools/bin/../lib/gcc/arm-none-eabi/4.4.1/../../../../arm-none-eabi/lib/armv6-m/libcr_semihost.a(_cr_sbrk.o)
 .comment       0x0000078f       0x2b /opt/LPCExpresso/tools/bin/../lib/gcc/arm-none-eabi/4.4.1/../../../../arm-none-eabi/lib/armv6-m/libcr_semihost.a(_cr_check_heap.o)
 .comment       0x000007ba       0x2b /opt/LPCExpresso/tools/bin/../lib/gcc/arm-none-eabi/4.4.1/armv6-m/libcr_eabihelpers.a(double.o)
 .comment       0x000007e5       0x2b /opt/LPCExpresso/tools/bin/../lib/gcc/arm-none-eabi/4.4.1/armv6-m/libcr_eabihelpers.a(float.o)

.ARM.attributes
                0x00000000       0x31
 .ARM.attributes
                0x00000000       0x33 ./build/main.o
 .ARM.attributes
                0x00000033       0x33 ./build/scandal_obligations.o
 .ARM.attributes
                0x00000066       0x33 ./build/core_cm0.o
 .ARM.attributes
                0x00000099       0x33 ./build/system_LPC11xx.o
 .ARM.attributes
                0x000000cc       0x33 ./build/leds.o
 .ARM.attributes
                0x000000ff       0x33 ./build/gpio.o
 .ARM.attributes
                0x00000132       0x33 ./build/timer32.o
 .ARM.attributes
                0x00000165       0x33 ./build/uart.o
 .ARM.attributes
                0x00000198       0x33 ./build/can.o
 .ARM.attributes
                0x000001cb       0x33 ./build/i2c.o
 .ARM.attributes
                0x000001fe       0x33 ./build/flash.o
 .ARM.attributes
                0x00000231       0x33 ./build/engine.o
 .ARM.attributes
                0x00000264       0x33 ./build/error.o
 .ARM.attributes
                0x00000297       0x33 ./build/manager.o
 .ARM.attributes
                0x000002ca       0x33 ./build/maths.o
 .ARM.attributes
                0x000002fd       0x33 ./build/message.o
 .ARM.attributes
                0x00000330       0x33 ./build/utils.o
 .ARM.attributes
                0x00000363       0x33 ./build/cr_startup_lpc11.o
 .ARM.attributes
                0x00000396       0x33 /opt/LPCExpresso/tools/bin/../lib/gcc/arm-none-eabi/4.4.1/../../../../arm-none-eabi/lib/armv6-m/libcr_c.a(atan2.o)
 .ARM.attributes
                0x000003c9       0x33 /opt/LPCExpresso/tools/bin/../lib/gcc/arm-none-eabi/4.4.1/../../../../arm-none-eabi/lib/armv6-m/libcr_c.a(errno.o)
 .ARM.attributes
                0x000003fc       0x33 /opt/LPCExpresso/tools/bin/../lib/gcc/arm-none-eabi/4.4.1/../../../../arm-none-eabi/lib/armv6-m/libcr_c.a(fabs.o)
 .ARM.attributes
                0x0000042f       0x33 /opt/LPCExpresso/tools/bin/../lib/gcc/arm-none-eabi/4.4.1/../../../../arm-none-eabi/lib/armv6-m/libcr_c.a(fpprintf.o)
 .ARM.attributes
                0x00000462       0x33 /opt/LPCExpresso/tools/bin/../lib/gcc/arm-none-eabi/4.4.1/../../../../arm-none-eabi/lib/armv6-m/libcr_c.a(pow.o)
 .ARM.attributes
                0x00000495       0x33 /opt/LPCExpresso/tools/bin/../lib/gcc/arm-none-eabi/4.4.1/../../../../arm-none-eabi/lib/armv6-m/libcr_c.a(printf.o)
 .ARM.attributes
                0x000004c8       0x33 /opt/LPCExpresso/tools/bin/../lib/gcc/arm-none-eabi/4.4.1/../../../../arm-none-eabi/lib/armv6-m/libcr_c.a(stdio.o)
 .ARM.attributes
                0x000004fb       0x33 /opt/LPCExpresso/tools/bin/../lib/gcc/arm-none-eabi/4.4.1/../../../../arm-none-eabi/lib/armv6-m/libcr_c.a(strcpy.o)
 .ARM.attributes
                0x0000052e       0x33 /opt/LPCExpresso/tools/bin/../lib/gcc/arm-none-eabi/4.4.1/../../../../arm-none-eabi/lib/armv6-m/libcr_c.a(strlen.o)
 .ARM.attributes
                0x00000561       0x33 /opt/LPCExpresso/tools/bin/../lib/gcc/arm-none-eabi/4.4.1/../../../../arm-none-eabi/lib/armv6-m/libcr_c.a(memset.o)
 .ARM.attributes
                0x00000594       0x33 /opt/LPCExpresso/tools/bin/../lib/gcc/arm-none-eabi/4.4.1/../../../../arm-none-eabi/lib/armv6-m/libcr_c.a(__fillbuf.o)
 .ARM.attributes
                0x000005c7       0x33 /opt/LPCExpresso/tools/bin/../lib/gcc/arm-none-eabi/4.4.1/../../../../arm-none-eabi/lib/armv6-m/libcr_c.a(_deferredlazyseek.o)
 .ARM.attributes
                0x000005fa       0x33 /opt/LPCExpresso/tools/bin/../lib/gcc/arm-none-eabi/4.4.1/../../../../arm-none-eabi/lib/armv6-m/libcr_c.a(_fflush.o)
 .ARM.attributes
                0x0000062d       0x33 /opt/LPCExpresso/tools/bin/../lib/gcc/arm-none-eabi/4.4.1/../../../../arm-none-eabi/lib/armv6-m/libcr_c.a(_frexpl.o)
 .ARM.attributes
                0x00000660       0x33 /opt/LPCExpresso/tools/bin/../lib/gcc/arm-none-eabi/4.4.1/../../../../arm-none-eabi/lib/armv6-m/libcr_c.a(_hugeval.o)
 .ARM.attributes
                0x00000693       0x33 /opt/LPCExpresso/tools/bin/../lib/gcc/arm-none-eabi/4.4.1/../../../../arm-none-eabi/lib/armv6-m/libcr_c.a(_ldexpl.o)
 .ARM.attributes
                0x000006c6       0x33 /opt/LPCExpresso/tools/bin/../lib/gcc/arm-none-eabi/4.4.1/../../../../arm-none-eabi/lib/armv6-m/libcr_c.a(_writebuf.o)
 .ARM.attributes
                0x000006f9       0x33 /opt/LPCExpresso/tools/bin/../lib/gcc/arm-none-eabi/4.4.1/../../../../arm-none-eabi/lib/armv6-m/libcr_c.a(alloc.o)
 .ARM.attributes
                0x0000072c       0x33 /opt/LPCExpresso/tools/bin/../lib/gcc/arm-none-eabi/4.4.1/../../../../arm-none-eabi/lib/armv6-m/libcr_c.a(atan.o)
 .ARM.attributes
                0x0000075f       0x33 /opt/LPCExpresso/tools/bin/../lib/gcc/arm-none-eabi/4.4.1/../../../../arm-none-eabi/lib/armv6-m/libcr_c.a(ctype.o)
 .ARM.attributes
                0x00000792       0x33 /opt/LPCExpresso/tools/bin/../lib/gcc/arm-none-eabi/4.4.1/../../../../arm-none-eabi/lib/armv6-m/libcr_c.a(frexp.o)
 .ARM.attributes
                0x000007c5       0x33 /opt/LPCExpresso/tools/bin/../lib/gcc/arm-none-eabi/4.4.1/../../../../arm-none-eabi/lib/armv6-m/libcr_c.a(fseek.o)
 .ARM.attributes
                0x000007f8       0x33 /opt/LPCExpresso/tools/bin/../lib/gcc/arm-none-eabi/4.4.1/../../../../arm-none-eabi/lib/armv6-m/libcr_c.a(ftell.o)
 .ARM.attributes
                0x0000082b       0x33 /opt/LPCExpresso/tools/bin/../lib/gcc/arm-none-eabi/4.4.1/../../../../arm-none-eabi/lib/armv6-m/libcr_c.a(ldexp.o)
 .ARM.attributes
                0x0000085e       0x33 /opt/LPCExpresso/tools/bin/../lib/gcc/arm-none-eabi/4.4.1/../../../../arm-none-eabi/lib/armv6-m/libcr_c.a(memcpy.o)
 .ARM.attributes
                0x00000891       0x33 /opt/LPCExpresso/tools/bin/../lib/gcc/arm-none-eabi/4.4.1/../../../../arm-none-eabi/lib/armv6-m/libcr_c.a(__init_alloc.o)
 .ARM.attributes
                0x000008c4       0x23 /opt/LPCExpresso/tools/bin/../lib/gcc/arm-none-eabi/4.4.1/../../../../arm-none-eabi/lib/armv6-m/libcr_semihost.a(__sys_appexit.o)
 .ARM.attributes
                0x000008e7       0x23 /opt/LPCExpresso/tools/bin/../lib/gcc/arm-none-eabi/4.4.1/../../../../arm-none-eabi/lib/armv6-m/libcr_semihost.a(__sys_flen.o)
 .ARM.attributes
                0x0000090a       0x23 /opt/LPCExpresso/tools/bin/../lib/gcc/arm-none-eabi/4.4.1/../../../../arm-none-eabi/lib/armv6-m/libcr_semihost.a(__sys_istty.o)
 .ARM.attributes
                0x0000092d       0x23 /opt/LPCExpresso/tools/bin/../lib/gcc/arm-none-eabi/4.4.1/../../../../arm-none-eabi/lib/armv6-m/libcr_semihost.a(__sys_read.o)
 .ARM.attributes
                0x00000950       0x23 /opt/LPCExpresso/tools/bin/../lib/gcc/arm-none-eabi/4.4.1/../../../../arm-none-eabi/lib/armv6-m/libcr_semihost.a(__sys_readc.o)
 .ARM.attributes
                0x00000973       0x23 /opt/LPCExpresso/tools/bin/../lib/gcc/arm-none-eabi/4.4.1/../../../../arm-none-eabi/lib/armv6-m/libcr_semihost.a(__sys_seek.o)
 .ARM.attributes
                0x00000996       0x23 /opt/LPCExpresso/tools/bin/../lib/gcc/arm-none-eabi/4.4.1/../../../../arm-none-eabi/lib/armv6-m/libcr_semihost.a(__sys_write.o)
 .ARM.attributes
                0x000009b9       0x33 /opt/LPCExpresso/tools/bin/../lib/gcc/arm-none-eabi/4.4.1/../../../../arm-none-eabi/lib/armv6-m/libcr_semihost.a(_cr_sbrk.o)
 .ARM.attributes
                0x000009ec       0x33 /opt/LPCExpresso/tools/bin/../lib/gcc/arm-none-eabi/4.4.1/../../../../arm-none-eabi/lib/armv6-m/libcr_semihost.a(_cr_check_heap.o)
 .ARM.attributes
                0x00000a1f       0x23 /opt/LPCExpresso/tools/bin/../lib/gcc/arm-none-eabi/4.4.1/armv6-m/libcr_eabihelpers.a(division.o)
 .ARM.attributes
                0x00000a42       0x33 /opt/LPCExpresso/tools/bin/../lib/gcc/arm-none-eabi/4.4.1/armv6-m/libcr_eabihelpers.a(double.o)
 .ARM.attributes
                0x00000a75       0x33 /opt/LPCExpresso/tools/bin/../lib/gcc/arm-none-eabi/4.4.1/armv6-m/libcr_eabihelpers.a(float.o)
 .ARM.attributes
                0x00000aa8       0x23 /opt/LPCExpresso/tools/bin/../lib/gcc/arm-none-eabi/4.4.1/armv6-m/libcr_eabihelpers.a(llong.o)
 .ARM.attributes
                0x00000acb       0x23 /opt/LPCExpresso/tools/bin/../lib/gcc/arm-none-eabi/4.4.1/armv6-m/libcr_eabihelpers.a(memcpy.o)
